26 - 07 - 05 00:05:27:08 [main] INFO  c.a.journalApp.JournalApplication - Starting JournalApplication using Java 25.0.1 with PID 9308 (C:\Users\vivek\OneDrive\Desktop\journalApp\target\classes started by vivek in C:\Users\vivek\OneDrive\Desktop\journalApp)
26 - 07 - 05 00:05:27:12 [main] DEBUG c.a.journalApp.JournalApplication - Running with Spring Boot v3.5.9, Spring v6.2.15
26 - 07 - 05 00:05:27:12 [main] INFO  c.a.journalApp.JournalApplication - The following 1 profile is active: "prod"
26 - 07 - 05 00:05:28:44 [main] INFO  o.s.d.r.c.RepositoryConfigurationDelegate - Multiple Spring Data modules found, entering strict repository configuration mode
26 - 07 - 05 00:05:28:47 [main] INFO  o.s.d.r.c.RepositoryConfigurationDelegate - Bootstrapping Spring Data MongoDB repositories in DEFAULT mode.
26 - 07 - 05 00:05:28:76 [main] INFO  o.s.d.r.c.RepositoryConfigurationDelegate - Finished Spring Data repository scanning in 274 ms. Found 3 MongoDB repository interfaces.
26 - 07 - 05 00:05:28:78 [main] INFO  o.s.d.r.c.RepositoryConfigurationDelegate - Multiple Spring Data modules found, entering strict repository configuration mode
26 - 07 - 05 00:05:28:79 [main] INFO  o.s.d.r.c.RepositoryConfigurationDelegate - Bootstrapping Spring Data Redis repositories in DEFAULT mode.
26 - 07 - 05 00:05:28:82 [main] INFO  o.s.d.r.c.RepositoryConfigurationExtensionSupport - Spring Data Redis - Could not safely identify store assignment for repository candidate interface com.amakeit.journalApp.repository.ConfigJournalAppRepository; If you want this repository to be a Redis repository, consider annotating your entities with one of these annotations: org.springframework.data.redis.core.RedisHash (preferred), or consider extending one of the following types with your repository: org.springframework.data.keyvalue.repository.KeyValueRepository
26 - 07 - 05 00:05:28:82 [main] INFO  o.s.d.r.c.RepositoryConfigurationExtensionSupport - Spring Data Redis - Could not safely identify store assignment for repository candidate interface com.amakeit.journalApp.repository.JournalEntryRepository; If you want this repository to be a Redis repository, consider annotating your entities with one of these annotations: org.springframework.data.redis.core.RedisHash (preferred), or consider extending one of the following types with your repository: org.springframework.data.keyvalue.repository.KeyValueRepository
26 - 07 - 05 00:05:28:82 [main] INFO  o.s.d.r.c.RepositoryConfigurationExtensionSupport - Spring Data Redis - Could not safely identify store assignment for repository candidate interface com.amakeit.journalApp.repository.UserRepository; If you want this repository to be a Redis repository, consider annotating your entities with one of these annotations: org.springframework.data.redis.core.RedisHash (preferred), or consider extending one of the following types with your repository: org.springframework.data.keyvalue.repository.KeyValueRepository
26 - 07 - 05 00:05:28:82 [main] INFO  o.s.d.r.c.RepositoryConfigurationDelegate - Finished Spring Data repository scanning in 18 ms. Found 0 Redis repository interfaces.
26 - 07 - 05 00:05:29:83 [main] INFO  o.s.b.w.e.tomcat.TomcatWebServer - Tomcat initialized with port 8080 (http)
26 - 07 - 05 00:05:29:85 [main] INFO  o.a.coyote.http11.Http11NioProtocol - Initializing ProtocolHandler ["http-nio-8080"]
26 - 07 - 05 00:05:29:85 [main] INFO  o.a.catalina.core.StandardService - Starting service [Tomcat]
26 - 07 - 05 00:05:29:85 [main] INFO  o.a.catalina.core.StandardEngine - Starting Servlet engine: [Apache Tomcat/10.1.50]
26 - 07 - 05 00:05:30:00 [main] INFO  o.a.c.c.C.[Tomcat].[localhost].[/] - Initializing Spring embedded WebApplicationContext
26 - 07 - 05 00:05:30:00 [main] INFO  o.s.b.w.s.c.ServletWebServerApplicationContext - Root WebApplicationContext: initialization completed in 2782 ms
26 - 07 - 05 00:05:30:39 [main] INFO  org.mongodb.driver.client - MongoClient with metadata {"application": {"name": "Cluster0"}, "driver": {"name": "mongo-java-driver|sync|spring-boot", "version": "5.5.2"}, "os": {"type": "Windows", "name": "Windows 11", "architecture": "amd64", "version": "10.0"}, "platform": "Java/Oracle Corporation/25.0.1+8-27"} created with settings MongoClientSettings{readPreference=primary, writeConcern=WriteConcern{w=null, wTimeout=null ms, journal=null}, retryWrites=true, retryReads=true, readConcern=ReadConcern{level=null}, credential=MongoCredential{mechanism=null, userName='vivek123456', source='admin', password=<hidden>, mechanismProperties=<hidden>}, transportSettings=null, commandListeners=[], codecRegistry=ProvidersCodecRegistry{codecProviders=[ValueCodecProvider{}, BsonValueCodecProvider{}, DBRefCodecProvider{}, DBObjectCodecProvider{}, DocumentCodecProvider{}, CollectionCodecProvider{}, IterableCodecProvider{}, MapCodecProvider{}, GeoJsonCodecProvider{}, GridFSFileCodecProvider{}, Jsr310CodecProvider{}, JsonObjectCodecProvider{}, BsonCodecProvider{}, EnumCodecProvider{}, com.mongodb.client.model.mql.ExpressionCodecProvider@d8835af, com.mongodb.Jep395RecordCodecProvider@16681017, com.mongodb.KotlinCodecProvider@6aae0e6f]}, loggerSettings=LoggerSettings{maxDocumentLength=1000}, clusterSettings={hosts=[127.0.0.1:27017], srvHost=cluster0.tu87wjs.mongodb.net, srvServiceName=mongodb, mode=MULTIPLE, requiredClusterType=REPLICA_SET, requiredReplicaSetName='atlas-525rmk-shard-0', serverSelector='null', clusterListeners='[]', serverSelectionTimeout='30000 ms', localThreshold='15 ms'}, socketSettings=SocketSettings{connectTimeoutMS=10000, readTimeoutMS=0, receiveBufferSize=0, proxySettings=ProxySettings{host=null, port=null, username=null, password=null}}, heartbeatSocketSettings=SocketSettings{connectTimeoutMS=10000, readTimeoutMS=10000, receiveBufferSize=0, proxySettings=ProxySettings{host=null, port=null, username=null, password=null}}, connectionPoolSettings=ConnectionPoolSettings{maxSize=100, minSize=0, maxWaitTimeMS=120000, maxConnectionLifeTimeMS=0, maxConnectionIdleTimeMS=0, maintenanceInitialDelayMS=0, maintenanceFrequencyMS=60000, connectionPoolListeners=[], maxConnecting=2}, serverSettings=ServerSettings{heartbeatFrequencyMS=10000, minHeartbeatFrequencyMS=500, serverMonitoringMode=AUTO, serverListeners='[]', serverMonitorListeners='[]'}, sslSettings=SslSettings{enabled=true, invalidHostNameAllowed=false, context=null}, applicationName='Cluster0', compressorList=[], uuidRepresentation=JAVA_LEGACY, serverApi=null, autoEncryptionSettings=null, dnsClient=null, inetAddressResolver=null, contextProvider=null, timeoutMS=null}
26 - 07 - 05 00:05:30:78 [cluster-ClusterId{value='6a495272e5589655771e6963', description='Cluster0'}-srv-cluster0.tu87wjs.mongodb.net] INFO  org.mongodb.driver.cluster - Adding discovered server ac-3p2q7xz-shard-00-02.tu87wjs.mongodb.net:27017 to client view of cluster
26 - 07 - 05 00:05:30:82 [cluster-ClusterId{value='6a495272e5589655771e6963', description='Cluster0'}-srv-cluster0.tu87wjs.mongodb.net] INFO  org.mongodb.driver.cluster - Adding discovered server ac-3p2q7xz-shard-00-00.tu87wjs.mongodb.net:27017 to client view of cluster
26 - 07 - 05 00:05:30:83 [cluster-ClusterId{value='6a495272e5589655771e6963', description='Cluster0'}-srv-cluster0.tu87wjs.mongodb.net] INFO  org.mongodb.driver.cluster - Adding discovered server ac-3p2q7xz-shard-00-01.tu87wjs.mongodb.net:27017 to client view of cluster
26 - 07 - 05 00:05:30:88 [main] INFO  org.mongodb.driver.cluster - Waiting for server to become available for operation with ID 5. Remaining time: 29984 ms. Selector: WritableServerSelector, topology description: {type=REPLICA_SET, servers=[{address=ac-3p2q7xz-shard-00-02.tu87wjs.mongodb.net:27017, type=UNKNOWN, state=CONNECTING}, {address=ac-3p2q7xz-shard-00-00.tu87wjs.mongodb.net:27017, type=UNKNOWN, state=CONNECTING}, {address=ac-3p2q7xz-shard-00-01.tu87wjs.mongodb.net:27017, type=UNKNOWN, state=CONNECTING}].
26 - 07 - 05 00:05:31:69 [cluster-ClusterId{value='6a495272e5589655771e6963', description='Cluster0'}-ac-3p2q7xz-shard-00-02.tu87wjs.mongodb.net:27017] INFO  org.mongodb.driver.cluster - Monitor thread successfully connected to server with description ServerDescription{address=ac-3p2q7xz-shard-00-02.tu87wjs.mongodb.net:27017, type=REPLICA_SET_SECONDARY, cryptd=false, state=CONNECTED, ok=true, minWireVersion=0, maxWireVersion=25, maxDocumentSize=16777216, logicalSessionTimeoutMinutes=30, roundTripTimeNanos=531007000, minRoundTripTimeNanos=0, setName='atlas-525rmk-shard-0', canonicalAddress=ac-3p2q7xz-shard-00-02.tu87wjs.mongodb.net:27017, hosts=[ac-3p2q7xz-shard-00-01.tu87wjs.mongodb.net:27017, ac-3p2q7xz-shard-00-02.tu87wjs.mongodb.net:27017, ac-3p2q7xz-shard-00-00.tu87wjs.mongodb.net:27017], passives=[], arbiters=[], primary='ac-3p2q7xz-shard-00-01.tu87wjs.mongodb.net:27017', tagSet=TagSet{[Tag{name='availabilityZone', value='aps1-az2'}, Tag{name='cacheState', value='READY'}, Tag{name='diskState', value='READY'}, Tag{name='nodeType', value='ELECTABLE'}, Tag{name='provider', value='AWS'}, Tag{name='region', value='AP_SOUTH_1'}, Tag{name='workloadType', value='OPERATIONAL'}]}, electionId=null, setVersion=282, topologyVersion=TopologyVersion{processId=6a4531ec5cdbcc27ea71c811, counter=3}, lastWriteDate=Sun Jul 05 00:05:40 IST 2026, lastUpdateTimeNanos=1718498330200}
26 - 07 - 05 00:05:31:95 [cluster-ClusterId{value='6a495272e5589655771e6963', description='Cluster0'}-ac-3p2q7xz-shard-00-01.tu87wjs.mongodb.net:27017] INFO  org.mongodb.driver.cluster - Monitor thread successfully connected to server with description ServerDescription{address=ac-3p2q7xz-shard-00-01.tu87wjs.mongodb.net:27017, type=REPLICA_SET_PRIMARY, cryptd=false, state=CONNECTED, ok=true, minWireVersion=0, maxWireVersion=25, maxDocumentSize=16777216, logicalSessionTimeoutMinutes=30, roundTripTimeNanos=240188600, minRoundTripTimeNanos=0, setName='atlas-525rmk-shard-0', canonicalAddress=ac-3p2q7xz-shard-00-01.tu87wjs.mongodb.net:27017, hosts=[ac-3p2q7xz-shard-00-01.tu87wjs.mongodb.net:27017, ac-3p2q7xz-shard-00-02.tu87wjs.mongodb.net:27017, ac-3p2q7xz-shard-00-00.tu87wjs.mongodb.net:27017], passives=[], arbiters=[], primary='ac-3p2q7xz-shard-00-01.tu87wjs.mongodb.net:27017', tagSet=TagSet{[Tag{name='availabilityZone', value='aps1-az3'}, Tag{name='cacheState', value='READY'}, Tag{name='diskState', value='READY'}, Tag{name='nodeType', value='ELECTABLE'}, Tag{name='provider', value='AWS'}, Tag{name='region', value='AP_SOUTH_1'}, Tag{name='workloadType', value='OPERATIONAL'}]}, electionId=7fffffff000000000000013a, setVersion=282, topologyVersion=TopologyVersion{processId=6a452f7d03bb343c072da8f1, counter=6}, lastWriteDate=Sun Jul 05 00:05:40 IST 2026, lastUpdateTimeNanos=1718772802400}
26 - 07 - 05 00:05:31:96 [cluster-ClusterId{value='6a495272e5589655771e6963', description='Cluster0'}-ac-3p2q7xz-shard-00-01.tu87wjs.mongodb.net:27017] INFO  org.mongodb.driver.cluster - Discovered replica set primary ac-3p2q7xz-shard-00-01.tu87wjs.mongodb.net:27017 with max election id 7fffffff000000000000013a and max set version 282
26 - 07 - 05 00:05:32:10 [cluster-ClusterId{value='6a495272e5589655771e6963', description='Cluster0'}-ac-3p2q7xz-shard-00-00.tu87wjs.mongodb.net:27017] INFO  org.mongodb.driver.cluster - Monitor thread successfully connected to server with description ServerDescription{address=ac-3p2q7xz-shard-00-00.tu87wjs.mongodb.net:27017, type=REPLICA_SET_SECONDARY, cryptd=false, state=CONNECTED, ok=true, minWireVersion=0, maxWireVersion=25, maxDocumentSize=16777216, logicalSessionTimeoutMinutes=30, roundTripTimeNanos=173322200, minRoundTripTimeNanos=0, setName='atlas-525rmk-shard-0', canonicalAddress=ac-3p2q7xz-shard-00-00.tu87wjs.mongodb.net:27017, hosts=[ac-3p2q7xz-shard-00-01.tu87wjs.mongodb.net:27017, ac-3p2q7xz-shard-00-02.tu87wjs.mongodb.net:27017, ac-3p2q7xz-shard-00-00.tu87wjs.mongodb.net:27017], passives=[], arbiters=[], primary='ac-3p2q7xz-shard-00-01.tu87wjs.mongodb.net:27017', tagSet=TagSet{[Tag{name='availabilityZone', value='aps1-az1'}, Tag{name='cacheState', value='READY'}, Tag{name='diskState', value='READY'}, Tag{name='nodeType', value='ELECTABLE'}, Tag{name='provider', value='AWS'}, Tag{name='region', value='AP_SOUTH_1'}, Tag{name='workloadType', value='OPERATIONAL'}]}, electionId=null, setVersion=282, topologyVersion=TopologyVersion{processId=6a452d554fae782d39395755, counter=4}, lastWriteDate=Sun Jul 05 00:05:40 IST 2026, lastUpdateTimeNanos=1718920352000}
26 - 07 - 05 00:05:32:79 [main] DEBUG c.a.j.config.JwtAuthenticationFilter - Filter 'jwtAuthenticationFilter' configured for use
26 - 07 - 05 00:05:33:12 [main] INFO  o.s.s.c.a.a.c.InitializeUserDetailsBeanManagerConfigurer$InitializeUserDetailsManagerConfigurer - Global AuthenticationManager configured with UserDetailsService bean with name userDetailsServiceImpl
26 - 07 - 05 00:05:34:82 [main] INFO  o.a.coyote.http11.Http11NioProtocol - Starting ProtocolHandler ["http-nio-8080"]
26 - 07 - 05 00:05:34:84 [main] INFO  o.s.b.w.e.tomcat.TomcatWebServer - Tomcat started on port 8080 (http) with context path '/'
26 - 07 - 05 00:05:34:92 [main] INFO  o.a.k.c.consumer.ConsumerConfig - ConsumerConfig values: 
	allow.auto.create.topics = true
	auto.commit.interval.ms = 5000
	auto.include.jmx.reporter = true
	auto.offset.reset = latest
	bootstrap.servers = [pkc-921jm.us-east-2.aws.confluent.cloud:9092]
	check.crcs = true
	client.dns.lookup = use_all_dns_ips
	client.id = consumer-weekly-sentiment-group-1
	client.rack = 
	connections.max.idle.ms = 540000
	default.api.timeout.ms = 60000
	enable.auto.commit = false
	enable.metrics.push = true
	exclude.internal.topics = true
	fetch.max.bytes = 52428800
	fetch.max.wait.ms = 500
	fetch.min.bytes = 1
	group.id = weekly-sentiment-group
	group.instance.id = null
	group.protocol = classic
	group.remote.assignor = null
	heartbeat.interval.ms = 3000
	interceptor.classes = []
	internal.leave.group.on.close = true
	internal.throw.on.fetch.stable.offset.unsupported = false
	isolation.level = read_uncommitted
	key.deserializer = class org.apache.kafka.common.serialization.StringDeserializer
	max.partition.fetch.bytes = 1048576
	max.poll.interval.ms = 300000
	max.poll.records = 500
	metadata.max.age.ms = 300000
	metadata.recovery.strategy = none
	metric.reporters = []
	metrics.num.samples = 2
	metrics.recording.level = INFO
	metrics.sample.window.ms = 30000
	partition.assignment.strategy = [class org.apache.kafka.clients.consumer.RangeAssignor, class org.apache.kafka.clients.consumer.CooperativeStickyAssignor]
	receive.buffer.bytes = 65536
	reconnect.backoff.max.ms = 1000
	reconnect.backoff.ms = 50
	request.timeout.ms = 30000
	retry.backoff.max.ms = 1000
	retry.backoff.ms = 100
	sasl.client.callback.handler.class = null
	sasl.jaas.config = [hidden]
	sasl.kerberos.kinit.cmd = /usr/bin/kinit
	sasl.kerberos.min.time.before.relogin = 60000
	sasl.kerberos.service.name = null
	sasl.kerberos.ticket.renew.jitter = 0.05
	sasl.kerberos.ticket.renew.window.factor = 0.8
	sasl.login.callback.handler.class = null
	sasl.login.class = null
	sasl.login.connect.timeout.ms = null
	sasl.login.read.timeout.ms = null
	sasl.login.refresh.buffer.seconds = 300
	sasl.login.refresh.min.period.seconds = 60
	sasl.login.refresh.window.factor = 0.8
	sasl.login.refresh.window.jitter = 0.05
	sasl.login.retry.backoff.max.ms = 10000
	sasl.login.retry.backoff.ms = 100
	sasl.mechanism = PLAIN
	sasl.oauthbearer.clock.skew.seconds = 30
	sasl.oauthbearer.expected.audience = null
	sasl.oauthbearer.expected.issuer = null
	sasl.oauthbearer.header.urlencode = false
	sasl.oauthbearer.jwks.endpoint.refresh.ms = 3600000
	sasl.oauthbearer.jwks.endpoint.retry.backoff.max.ms = 10000
	sasl.oauthbearer.jwks.endpoint.retry.backoff.ms = 100
	sasl.oauthbearer.jwks.endpoint.url = null
	sasl.oauthbearer.scope.claim.name = scope
	sasl.oauthbearer.sub.claim.name = sub
	sasl.oauthbearer.token.endpoint.url = null
	security.protocol = SASL_SSL
	security.providers = null
	send.buffer.bytes = 131072
	session.timeout.ms = 45000
	socket.connection.setup.timeout.max.ms = 30000
	socket.connection.setup.timeout.ms = 10000
	ssl.cipher.suites = null
	ssl.enabled.protocols = [TLSv1.2, TLSv1.3]
	ssl.endpoint.identification.algorithm = https
	ssl.engine.factory.class = null
	ssl.key.password = null
	ssl.keymanager.algorithm = SunX509
	ssl.keystore.certificate.chain = null
	ssl.keystore.key = null
	ssl.keystore.location = null
	ssl.keystore.password = null
	ssl.keystore.type = JKS
	ssl.protocol = TLSv1.3
	ssl.provider = null
	ssl.secure.random.implementation = null
	ssl.trustmanager.algorithm = PKIX
	ssl.truststore.certificates = null
	ssl.truststore.location = null
	ssl.truststore.password = null
	ssl.truststore.type = JKS
	value.deserializer = class org.springframework.kafka.support.serializer.JsonDeserializer

26 - 07 - 05 00:05:35:00 [main] INFO  o.a.k.c.t.i.KafkaMetricsCollector - initializing Kafka metrics collector
26 - 07 - 05 00:05:35:32 [main] INFO  o.a.k.c.s.a.AbstractLogin - Successfully logged in.
26 - 07 - 05 00:05:35:42 [main] INFO  o.a.kafka.common.utils.AppInfoParser - Kafka version: 3.9.1
26 - 07 - 05 00:05:35:43 [main] INFO  o.a.kafka.common.utils.AppInfoParser - Kafka commitId: f745dfdcee2b9851
26 - 07 - 05 00:05:35:43 [main] INFO  o.a.kafka.common.utils.AppInfoParser - Kafka startTimeMs: 1783190135427
26 - 07 - 05 00:05:35:43 [main] INFO  o.a.k.c.c.i.ClassicKafkaConsumer - [Consumer clientId=consumer-weekly-sentiment-group-1, groupId=weekly-sentiment-group] Subscribed to topic(s): weekly-sentiment
26 - 07 - 05 00:05:35:46 [main] INFO  c.a.journalApp.JournalApplication - Started JournalApplication in 9.241 seconds (process running for 10.403)
26 - 07 - 05 00:05:38:37 [org.springframework.kafka.KafkaListenerEndpointContainer#0-0-C-1] INFO  org.apache.kafka.clients.Metadata - [Consumer clientId=consumer-weekly-sentiment-group-1, groupId=weekly-sentiment-group] Cluster ID: lkc-w77oggg
26 - 07 - 05 00:05:38:37 [org.springframework.kafka.KafkaListenerEndpointContainer#0-0-C-1] INFO  o.a.k.c.c.i.ConsumerCoordinator - [Consumer clientId=consumer-weekly-sentiment-group-1, groupId=weekly-sentiment-group] Discovered group coordinator b9-pkc-921jm.us-east-2.aws.confluent.cloud:9092 (id: 2147483638 rack: null)
26 - 07 - 05 00:05:38:48 [org.springframework.kafka.KafkaListenerEndpointContainer#0-0-C-1] INFO  o.a.k.c.c.i.ConsumerCoordinator - [Consumer clientId=consumer-weekly-sentiment-group-1, groupId=weekly-sentiment-group] (Re-)joining group
26 - 07 - 05 00:05:38:49 [org.springframework.kafka.KafkaListenerEndpointContainer#0-0-C-1] INFO  o.a.k.c.t.i.ClientTelemetryReporter - Client telemetry registered with client instance id: REwFPK9QSHqHw3Tfaie6iQ
26 - 07 - 05 00:05:40:71 [org.springframework.kafka.KafkaListenerEndpointContainer#0-0-C-1] INFO  o.a.k.c.c.i.ConsumerCoordinator - [Consumer clientId=consumer-weekly-sentiment-group-1, groupId=weekly-sentiment-group] Request joining group due to: need to re-join with the given member-id: consumer-weekly-sentiment-group-1-9076380a-effd-4b11-9fd9-87c6526c1a1f
26 - 07 - 05 00:05:40:71 [org.springframework.kafka.KafkaListenerEndpointContainer#0-0-C-1] INFO  o.a.k.c.c.i.ConsumerCoordinator - [Consumer clientId=consumer-weekly-sentiment-group-1, groupId=weekly-sentiment-group] (Re-)joining group
26 - 07 - 05 00:05:42:04 [org.springframework.kafka.KafkaListenerEndpointContainer#0-0-C-1] INFO  o.a.k.c.c.i.ConsumerCoordinator - [Consumer clientId=consumer-weekly-sentiment-group-1, groupId=weekly-sentiment-group] Successfully joined group with generation Generation{generationId=22, memberId='consumer-weekly-sentiment-group-1-9076380a-effd-4b11-9fd9-87c6526c1a1f', protocol='range'}
26 - 07 - 05 00:05:42:32 [org.springframework.kafka.KafkaListenerEndpointContainer#0-0-C-1] INFO  o.a.k.c.c.i.ConsumerCoordinator - [Consumer clientId=consumer-weekly-sentiment-group-1, groupId=weekly-sentiment-group] Successfully synced group in generation Generation{generationId=22, memberId='consumer-weekly-sentiment-group-1-9076380a-effd-4b11-9fd9-87c6526c1a1f', protocol='range'}
26 - 07 - 05 00:05:42:33 [org.springframework.kafka.KafkaListenerEndpointContainer#0-0-C-1] INFO  o.a.k.c.c.i.ConsumerCoordinator - [Consumer clientId=consumer-weekly-sentiment-group-1, groupId=weekly-sentiment-group] Notifying assignor about the new Assignment(partitions=[weekly-sentiment-3, weekly-sentiment-4, weekly-sentiment-5])
26 - 07 - 05 00:05:42:33 [org.springframework.kafka.KafkaListenerEndpointContainer#0-0-C-1] INFO  o.a.k.c.c.i.ConsumerRebalanceListenerInvoker - [Consumer clientId=consumer-weekly-sentiment-group-1, groupId=weekly-sentiment-group] Adding newly assigned partitions: weekly-sentiment-3, weekly-sentiment-4, weekly-sentiment-5
26 - 07 - 05 00:05:43:02 [org.springframework.kafka.KafkaListenerEndpointContainer#0-0-C-1] INFO  o.a.k.c.c.internals.ConsumerUtils - Setting offset for partition weekly-sentiment-3 to the committed offset FetchPosition{offset=0, offsetEpoch=Optional.empty, currentLeader=LeaderAndEpoch{leader=Optional[b16-pkc-921jm.us-east-2.aws.confluent.cloud:9092 (id: 16 rack: use2-az2)], epoch=7}}
26 - 07 - 05 00:05:43:02 [org.springframework.kafka.KafkaListenerEndpointContainer#0-0-C-1] INFO  o.a.k.c.c.internals.ConsumerUtils - Setting offset for partition weekly-sentiment-4 to the committed offset FetchPosition{offset=7, offsetEpoch=Optional.empty, currentLeader=LeaderAndEpoch{leader=Optional[b17-pkc-921jm.us-east-2.aws.confluent.cloud:9092 (id: 17 rack: use2-az3)], epoch=8}}
26 - 07 - 05 00:05:43:02 [org.springframework.kafka.KafkaListenerEndpointContainer#0-0-C-1] INFO  o.a.k.c.c.internals.ConsumerUtils - Setting offset for partition weekly-sentiment-5 to the committed offset FetchPosition{offset=0, offsetEpoch=Optional.empty, currentLeader=LeaderAndEpoch{leader=Optional[b12-pkc-921jm.us-east-2.aws.confluent.cloud:9092 (id: 12 rack: use2-az1)], epoch=6}}
26 - 07 - 05 00:05:43:13 [org.springframework.kafka.KafkaListenerEndpointContainer#0-0-C-1] INFO  o.s.k.l.KafkaMessageListenerContainer - weekly-sentiment-group: partitions assigned: [weekly-sentiment-3, weekly-sentiment-4, weekly-sentiment-5]
