26 - 06 - 30 17:28:28:71 [main] INFO  o.s.t.c.s.AnnotationConfigContextLoaderUtils - Could not detect default configuration classes for test class [com.amakeit.journalApp.cron.UserSchedulerTest]: UserSchedulerTest does not declare any static, non-private, non-final, nested classes annotated with @Configuration.
26 - 06 - 30 17:28:29:06 [main] INFO  o.s.b.t.c.SpringBootTestContextBootstrapper - Found @SpringBootConfiguration com.amakeit.journalApp.JournalApplication for test class com.amakeit.journalApp.cron.UserSchedulerTest
26 - 06 - 30 17:28:30:45 [main] INFO  c.a.j.cron.UserSchedulerTest - Starting UserSchedulerTest using Java 25.0.1 with PID 8728 (started by vivek in C:\Users\vivek\OneDrive\Desktop\journalApp)
26 - 06 - 30 17:28:30:45 [main] DEBUG c.a.j.cron.UserSchedulerTest - Running with Spring Boot v3.5.9, Spring v6.2.15
26 - 06 - 30 17:28:30:45 [main] INFO  c.a.j.cron.UserSchedulerTest - The following 1 profile is active: "dev"
26 - 06 - 30 17:28:31:12 [main] INFO  c.a.journalApp.JournalApplication - Starting JournalApplication using Java 25.0.1 with PID 24428 (C:\Users\vivek\OneDrive\Desktop\journalApp\target\classes started by vivek in C:\Users\vivek\OneDrive\Desktop\journalApp)
26 - 06 - 30 17:28:31:13 [main] DEBUG c.a.journalApp.JournalApplication - Running with Spring Boot v3.5.9, Spring v6.2.15
26 - 06 - 30 17:28:31:13 [main] INFO  c.a.journalApp.JournalApplication - The following 1 profile is active: "dev"
26 - 06 - 30 17:28:32:07 [main] INFO  o.s.d.r.c.RepositoryConfigurationDelegate - Multiple Spring Data modules found, entering strict repository configuration mode
26 - 06 - 30 17:28:32:07 [main] INFO  o.s.d.r.c.RepositoryConfigurationDelegate - Bootstrapping Spring Data MongoDB repositories in DEFAULT mode.
26 - 06 - 30 17:28:32:35 [main] INFO  o.s.d.r.c.RepositoryConfigurationDelegate - Multiple Spring Data modules found, entering strict repository configuration mode
26 - 06 - 30 17:28:32:35 [main] INFO  o.s.d.r.c.RepositoryConfigurationDelegate - Bootstrapping Spring Data MongoDB repositories in DEFAULT mode.
26 - 06 - 30 17:28:32:38 [main] INFO  o.s.d.r.c.RepositoryConfigurationDelegate - Finished Spring Data repository scanning in 298 ms. Found 3 MongoDB repository interfaces.
26 - 06 - 30 17:28:32:40 [main] INFO  o.s.d.r.c.RepositoryConfigurationDelegate - Multiple Spring Data modules found, entering strict repository configuration mode
26 - 06 - 30 17:28:32:41 [main] INFO  o.s.d.r.c.RepositoryConfigurationDelegate - Bootstrapping Spring Data Redis repositories in DEFAULT mode.
26 - 06 - 30 17:28:32:44 [main] INFO  o.s.d.r.c.RepositoryConfigurationExtensionSupport - Spring Data Redis - Could not safely identify store assignment for repository candidate interface com.amakeit.journalApp.repository.ConfigJournalAppRepository; If you want this repository to be a Redis repository, consider annotating your entities with one of these annotations: org.springframework.data.redis.core.RedisHash (preferred), or consider extending one of the following types with your repository: org.springframework.data.keyvalue.repository.KeyValueRepository
26 - 06 - 30 17:28:32:44 [main] INFO  o.s.d.r.c.RepositoryConfigurationExtensionSupport - Spring Data Redis - Could not safely identify store assignment for repository candidate interface com.amakeit.journalApp.repository.JournalEntryRepository; If you want this repository to be a Redis repository, consider annotating your entities with one of these annotations: org.springframework.data.redis.core.RedisHash (preferred), or consider extending one of the following types with your repository: org.springframework.data.keyvalue.repository.KeyValueRepository
26 - 06 - 30 17:28:32:44 [main] INFO  o.s.d.r.c.RepositoryConfigurationExtensionSupport - Spring Data Redis - Could not safely identify store assignment for repository candidate interface com.amakeit.journalApp.repository.UserRepository; If you want this repository to be a Redis repository, consider annotating your entities with one of these annotations: org.springframework.data.redis.core.RedisHash (preferred), or consider extending one of the following types with your repository: org.springframework.data.keyvalue.repository.KeyValueRepository
26 - 06 - 30 17:28:32:44 [main] INFO  o.s.d.r.c.RepositoryConfigurationDelegate - Finished Spring Data repository scanning in 17 ms. Found 0 Redis repository interfaces.
26 - 06 - 30 17:28:32:61 [main] INFO  o.s.d.r.c.RepositoryConfigurationDelegate - Finished Spring Data repository scanning in 247 ms. Found 3 MongoDB repository interfaces.
26 - 06 - 30 17:28:32:63 [main] INFO  o.s.d.r.c.RepositoryConfigurationDelegate - Multiple Spring Data modules found, entering strict repository configuration mode
26 - 06 - 30 17:28:32:63 [main] INFO  o.s.d.r.c.RepositoryConfigurationDelegate - Bootstrapping Spring Data Redis repositories in DEFAULT mode.
26 - 06 - 30 17:28:32:66 [main] INFO  o.s.d.r.c.RepositoryConfigurationExtensionSupport - Spring Data Redis - Could not safely identify store assignment for repository candidate interface com.amakeit.journalApp.repository.ConfigJournalAppRepository; If you want this repository to be a Redis repository, consider annotating your entities with one of these annotations: org.springframework.data.redis.core.RedisHash (preferred), or consider extending one of the following types with your repository: org.springframework.data.keyvalue.repository.KeyValueRepository
26 - 06 - 30 17:28:32:66 [main] INFO  o.s.d.r.c.RepositoryConfigurationExtensionSupport - Spring Data Redis - Could not safely identify store assignment for repository candidate interface com.amakeit.journalApp.repository.JournalEntryRepository; If you want this repository to be a Redis repository, consider annotating your entities with one of these annotations: org.springframework.data.redis.core.RedisHash (preferred), or consider extending one of the following types with your repository: org.springframework.data.keyvalue.repository.KeyValueRepository
26 - 06 - 30 17:28:32:66 [main] INFO  o.s.d.r.c.RepositoryConfigurationExtensionSupport - Spring Data Redis - Could not safely identify store assignment for repository candidate interface com.amakeit.journalApp.repository.UserRepository; If you want this repository to be a Redis repository, consider annotating your entities with one of these annotations: org.springframework.data.redis.core.RedisHash (preferred), or consider extending one of the following types with your repository: org.springframework.data.keyvalue.repository.KeyValueRepository
26 - 06 - 30 17:28:32:66 [main] INFO  o.s.d.r.c.RepositoryConfigurationDelegate - Finished Spring Data repository scanning in 15 ms. Found 0 Redis repository interfaces.
26 - 06 - 30 17:28:33:68 [main] INFO  o.s.b.w.e.tomcat.TomcatWebServer - Tomcat initialized with port 8080 (http)
26 - 06 - 30 17:28:33:71 [main] INFO  o.a.coyote.http11.Http11NioProtocol - Initializing ProtocolHandler ["http-nio-8080"]
26 - 06 - 30 17:28:33:71 [main] INFO  o.a.catalina.core.StandardService - Starting service [Tomcat]
26 - 06 - 30 17:28:33:71 [main] INFO  o.a.catalina.core.StandardEngine - Starting Servlet engine: [Apache Tomcat/10.1.50]
26 - 06 - 30 17:28:33:77 [main] INFO  org.mongodb.driver.client - MongoClient with metadata {"application": {"name": "Cluster0"}, "driver": {"name": "mongo-java-driver|sync|spring-boot", "version": "5.5.2"}, "os": {"type": "Windows", "name": "Windows 11", "architecture": "amd64", "version": "10.0"}, "platform": "Java/Oracle Corporation/25.0.1+8-27"} created with settings MongoClientSettings{readPreference=primary, writeConcern=WriteConcern{w=null, wTimeout=null ms, journal=null}, retryWrites=true, retryReads=true, readConcern=ReadConcern{level=null}, credential=MongoCredential{mechanism=null, userName='vivek123456', source='admin', password=<hidden>, mechanismProperties=<hidden>}, transportSettings=null, commandListeners=[], codecRegistry=ProvidersCodecRegistry{codecProviders=[ValueCodecProvider{}, BsonValueCodecProvider{}, DBRefCodecProvider{}, DBObjectCodecProvider{}, DocumentCodecProvider{}, CollectionCodecProvider{}, IterableCodecProvider{}, MapCodecProvider{}, GeoJsonCodecProvider{}, GridFSFileCodecProvider{}, Jsr310CodecProvider{}, JsonObjectCodecProvider{}, BsonCodecProvider{}, EnumCodecProvider{}, com.mongodb.client.model.mql.ExpressionCodecProvider@516195cf, com.mongodb.Jep395RecordCodecProvider@4eeb14e0, com.mongodb.KotlinCodecProvider@26ca12a2]}, loggerSettings=LoggerSettings{maxDocumentLength=1000}, clusterSettings={hosts=[127.0.0.1:27017], srvHost=cluster0.tu87wjs.mongodb.net, srvServiceName=mongodb, mode=MULTIPLE, requiredClusterType=REPLICA_SET, requiredReplicaSetName='atlas-525rmk-shard-0', serverSelector='null', clusterListeners='[]', serverSelectionTimeout='30000 ms', localThreshold='15 ms'}, socketSettings=SocketSettings{connectTimeoutMS=10000, readTimeoutMS=0, receiveBufferSize=0, proxySettings=ProxySettings{host=null, port=null, username=null, password=null}}, heartbeatSocketSettings=SocketSettings{connectTimeoutMS=10000, readTimeoutMS=10000, receiveBufferSize=0, proxySettings=ProxySettings{host=null, port=null, username=null, password=null}}, connectionPoolSettings=ConnectionPoolSettings{maxSize=100, minSize=0, maxWaitTimeMS=120000, maxConnectionLifeTimeMS=0, maxConnectionIdleTimeMS=0, maintenanceInitialDelayMS=0, maintenanceFrequencyMS=60000, connectionPoolListeners=[], maxConnecting=2}, serverSettings=ServerSettings{heartbeatFrequencyMS=10000, minHeartbeatFrequencyMS=500, serverMonitoringMode=AUTO, serverListeners='[]', serverMonitorListeners='[]'}, sslSettings=SslSettings{enabled=true, invalidHostNameAllowed=false, context=null}, applicationName='Cluster0', compressorList=[], uuidRepresentation=JAVA_LEGACY, serverApi=null, autoEncryptionSettings=null, dnsClient=null, inetAddressResolver=null, contextProvider=null, timeoutMS=null}
26 - 06 - 30 17:28:33:86 [main] INFO  o.a.c.c.C.[.[localhost].[/journal] - Initializing Spring embedded WebApplicationContext
26 - 06 - 30 17:28:33:86 [main] INFO  o.s.b.w.s.c.ServletWebServerApplicationContext - Root WebApplicationContext: initialization completed in 2606 ms
26 - 06 - 30 17:28:33:88 [cluster-ClusterId{value='6a43af698a82e8285fc22de0', description='Cluster0'}-srv-cluster0.tu87wjs.mongodb.net] INFO  org.mongodb.driver.cluster - Adding discovered server ac-3p2q7xz-shard-00-02.tu87wjs.mongodb.net:27017 to client view of cluster
26 - 06 - 30 17:28:33:95 [cluster-ClusterId{value='6a43af698a82e8285fc22de0', description='Cluster0'}-srv-cluster0.tu87wjs.mongodb.net] INFO  org.mongodb.driver.cluster - Adding discovered server ac-3p2q7xz-shard-00-00.tu87wjs.mongodb.net:27017 to client view of cluster
26 - 06 - 30 17:28:33:96 [cluster-ClusterId{value='6a43af698a82e8285fc22de0', description='Cluster0'}-srv-cluster0.tu87wjs.mongodb.net] INFO  org.mongodb.driver.cluster - Adding discovered server ac-3p2q7xz-shard-00-01.tu87wjs.mongodb.net:27017 to client view of cluster
26 - 06 - 30 17:28:34:23 [main] INFO  org.mongodb.driver.client - MongoClient with metadata {"application": {"name": "Cluster0"}, "driver": {"name": "mongo-java-driver|sync|spring-boot", "version": "5.5.2"}, "os": {"type": "Windows", "name": "Windows 11", "architecture": "amd64", "version": "10.0"}, "platform": "Java/Oracle Corporation/25.0.1+8-27"} created with settings MongoClientSettings{readPreference=primary, writeConcern=WriteConcern{w=null, wTimeout=null ms, journal=null}, retryWrites=true, retryReads=true, readConcern=ReadConcern{level=null}, credential=MongoCredential{mechanism=null, userName='vivek123456', source='admin', password=<hidden>, mechanismProperties=<hidden>}, transportSettings=null, commandListeners=[], codecRegistry=ProvidersCodecRegistry{codecProviders=[ValueCodecProvider{}, BsonValueCodecProvider{}, DBRefCodecProvider{}, DBObjectCodecProvider{}, DocumentCodecProvider{}, CollectionCodecProvider{}, IterableCodecProvider{}, MapCodecProvider{}, GeoJsonCodecProvider{}, GridFSFileCodecProvider{}, Jsr310CodecProvider{}, JsonObjectCodecProvider{}, BsonCodecProvider{}, EnumCodecProvider{}, com.mongodb.client.model.mql.ExpressionCodecProvider@4a22e4d7, com.mongodb.Jep395RecordCodecProvider@d8835af, com.mongodb.KotlinCodecProvider@16681017]}, loggerSettings=LoggerSettings{maxDocumentLength=1000}, clusterSettings={hosts=[127.0.0.1:27017], srvHost=cluster0.tu87wjs.mongodb.net, srvServiceName=mongodb, mode=MULTIPLE, requiredClusterType=REPLICA_SET, requiredReplicaSetName='atlas-525rmk-shard-0', serverSelector='null', clusterListeners='[]', serverSelectionTimeout='30000 ms', localThreshold='15 ms'}, socketSettings=SocketSettings{connectTimeoutMS=10000, readTimeoutMS=0, receiveBufferSize=0, proxySettings=ProxySettings{host=null, port=null, username=null, password=null}}, heartbeatSocketSettings=SocketSettings{connectTimeoutMS=10000, readTimeoutMS=10000, receiveBufferSize=0, proxySettings=ProxySettings{host=null, port=null, username=null, password=null}}, connectionPoolSettings=ConnectionPoolSettings{maxSize=100, minSize=0, maxWaitTimeMS=120000, maxConnectionLifeTimeMS=0, maxConnectionIdleTimeMS=0, maintenanceInitialDelayMS=0, maintenanceFrequencyMS=60000, connectionPoolListeners=[], maxConnecting=2}, serverSettings=ServerSettings{heartbeatFrequencyMS=10000, minHeartbeatFrequencyMS=500, serverMonitoringMode=AUTO, serverListeners='[]', serverMonitorListeners='[]'}, sslSettings=SslSettings{enabled=true, invalidHostNameAllowed=false, context=null}, applicationName='Cluster0', compressorList=[], uuidRepresentation=JAVA_LEGACY, serverApi=null, autoEncryptionSettings=null, dnsClient=null, inetAddressResolver=null, contextProvider=null, timeoutMS=null}
26 - 06 - 30 17:28:34:23 [cluster-ClusterId{value='6a43af6a0a68175d4a7b26c3', description='Cluster0'}-srv-cluster0.tu87wjs.mongodb.net] INFO  org.mongodb.driver.cluster - Adding discovered server ac-3p2q7xz-shard-00-02.tu87wjs.mongodb.net:27017 to client view of cluster
26 - 06 - 30 17:28:34:28 [cluster-ClusterId{value='6a43af6a0a68175d4a7b26c3', description='Cluster0'}-srv-cluster0.tu87wjs.mongodb.net] INFO  org.mongodb.driver.cluster - Adding discovered server ac-3p2q7xz-shard-00-00.tu87wjs.mongodb.net:27017 to client view of cluster
26 - 06 - 30 17:28:34:28 [cluster-ClusterId{value='6a43af6a0a68175d4a7b26c3', description='Cluster0'}-srv-cluster0.tu87wjs.mongodb.net] INFO  org.mongodb.driver.cluster - Adding discovered server ac-3p2q7xz-shard-00-01.tu87wjs.mongodb.net:27017 to client view of cluster
26 - 06 - 30 17:28:34:30 [main] INFO  org.mongodb.driver.cluster - Waiting for server to become available for operation with ID 5. Remaining time: 29972 ms. Selector: WritableServerSelector, topology description: {type=REPLICA_SET, servers=[{address=ac-3p2q7xz-shard-00-02.tu87wjs.mongodb.net:27017, type=UNKNOWN, state=CONNECTING}, {address=ac-3p2q7xz-shard-00-00.tu87wjs.mongodb.net:27017, type=UNKNOWN, state=CONNECTING}, {address=ac-3p2q7xz-shard-00-01.tu87wjs.mongodb.net:27017, type=UNKNOWN, state=CONNECTING}].
26 - 06 - 30 17:28:34:76 [main] INFO  org.mongodb.driver.cluster - Waiting for server to become available for operation with ID 5. Remaining time: 29986 ms. Selector: WritableServerSelector, topology description: {type=REPLICA_SET, servers=[{address=ac-3p2q7xz-shard-00-02.tu87wjs.mongodb.net:27017, type=UNKNOWN, state=CONNECTING}, {address=ac-3p2q7xz-shard-00-00.tu87wjs.mongodb.net:27017, type=UNKNOWN, state=CONNECTING}, {address=ac-3p2q7xz-shard-00-01.tu87wjs.mongodb.net:27017, type=UNKNOWN, state=CONNECTING}].
26 - 06 - 30 17:28:35:07 [cluster-ClusterId{value='6a43af698a82e8285fc22de0', description='Cluster0'}-ac-3p2q7xz-shard-00-00.tu87wjs.mongodb.net:27017] INFO  org.mongodb.driver.cluster - Monitor thread successfully connected to server with description ServerDescription{address=ac-3p2q7xz-shard-00-00.tu87wjs.mongodb.net:27017, type=REPLICA_SET_SECONDARY, cryptd=false, state=CONNECTED, ok=true, minWireVersion=0, maxWireVersion=25, maxDocumentSize=16777216, logicalSessionTimeoutMinutes=30, roundTripTimeNanos=643316100, minRoundTripTimeNanos=0, setName='atlas-525rmk-shard-0', canonicalAddress=ac-3p2q7xz-shard-00-00.tu87wjs.mongodb.net:27017, hosts=[ac-3p2q7xz-shard-00-01.tu87wjs.mongodb.net:27017, ac-3p2q7xz-shard-00-02.tu87wjs.mongodb.net:27017, ac-3p2q7xz-shard-00-00.tu87wjs.mongodb.net:27017], passives=[], arbiters=[], primary='ac-3p2q7xz-shard-00-02.tu87wjs.mongodb.net:27017', tagSet=TagSet{[Tag{name='availabilityZone', value='aps1-az1'}, Tag{name='cacheState', value='READY'}, Tag{name='diskState', value='READY'}, Tag{name='nodeType', value='ELECTABLE'}, Tag{name='provider', value='AWS'}, Tag{name='region', value='AP_SOUTH_1'}, Tag{name='workloadType', value='OPERATIONAL'}]}, electionId=null, setVersion=282, topologyVersion=TopologyVersion{processId=6a3bd53524f331d0a32f3fae, counter=4}, lastWriteDate=Tue Jun 30 17:28:41 IST 2026, lastUpdateTimeNanos=21869888722500}
26 - 06 - 30 17:28:35:07 [cluster-ClusterId{value='6a43af698a82e8285fc22de0', description='Cluster0'}-ac-3p2q7xz-shard-00-01.tu87wjs.mongodb.net:27017] INFO  org.mongodb.driver.cluster - Monitor thread successfully connected to server with description ServerDescription{address=ac-3p2q7xz-shard-00-01.tu87wjs.mongodb.net:27017, type=REPLICA_SET_SECONDARY, cryptd=false, state=CONNECTED, ok=true, minWireVersion=0, maxWireVersion=25, maxDocumentSize=16777216, logicalSessionTimeoutMinutes=30, roundTripTimeNanos=643285900, minRoundTripTimeNanos=0, setName='atlas-525rmk-shard-0', canonicalAddress=ac-3p2q7xz-shard-00-01.tu87wjs.mongodb.net:27017, hosts=[ac-3p2q7xz-shard-00-01.tu87wjs.mongodb.net:27017, ac-3p2q7xz-shard-00-02.tu87wjs.mongodb.net:27017, ac-3p2q7xz-shard-00-00.tu87wjs.mongodb.net:27017], passives=[], arbiters=[], primary='ac-3p2q7xz-shard-00-02.tu87wjs.mongodb.net:27017', tagSet=TagSet{[Tag{name='availabilityZone', value='aps1-az3'}, Tag{name='cacheState', value='READY'}, Tag{name='diskState', value='READY'}, Tag{name='nodeType', value='ELECTABLE'}, Tag{name='provider', value='AWS'}, Tag{name='region', value='AP_SOUTH_1'}, Tag{name='workloadType', value='OPERATIONAL'}]}, electionId=null, setVersion=282, topologyVersion=TopologyVersion{processId=6a3bd5e73e1c7c37d8f47572, counter=3}, lastWriteDate=Tue Jun 30 17:28:41 IST 2026, lastUpdateTimeNanos=21869888722600}
26 - 06 - 30 17:28:35:07 [cluster-ClusterId{value='6a43af698a82e8285fc22de0', description='Cluster0'}-ac-3p2q7xz-shard-00-02.tu87wjs.mongodb.net:27017] INFO  org.mongodb.driver.cluster - Monitor thread successfully connected to server with description ServerDescription{address=ac-3p2q7xz-shard-00-02.tu87wjs.mongodb.net:27017, type=REPLICA_SET_PRIMARY, cryptd=false, state=CONNECTED, ok=true, minWireVersion=0, maxWireVersion=25, maxDocumentSize=16777216, logicalSessionTimeoutMinutes=30, roundTripTimeNanos=643307500, minRoundTripTimeNanos=0, setName='atlas-525rmk-shard-0', canonicalAddress=ac-3p2q7xz-shard-00-02.tu87wjs.mongodb.net:27017, hosts=[ac-3p2q7xz-shard-00-01.tu87wjs.mongodb.net:27017, ac-3p2q7xz-shard-00-02.tu87wjs.mongodb.net:27017, ac-3p2q7xz-shard-00-00.tu87wjs.mongodb.net:27017], passives=[], arbiters=[], primary='ac-3p2q7xz-shard-00-02.tu87wjs.mongodb.net:27017', tagSet=TagSet{[Tag{name='availabilityZone', value='aps1-az2'}, Tag{name='cacheState', value='READY'}, Tag{name='diskState', value='READY'}, Tag{name='nodeType', value='ELECTABLE'}, Tag{name='provider', value='AWS'}, Tag{name='region', value='AP_SOUTH_1'}, Tag{name='workloadType', value='OPERATIONAL'}]}, electionId=7fffffff0000000000000139, setVersion=282, topologyVersion=TopologyVersion{processId=6a3bd58dc4ee9f1a6b3d04a8, counter=6}, lastWriteDate=Tue Jun 30 17:28:41 IST 2026, lastUpdateTimeNanos=21869888722600}
26 - 06 - 30 17:28:35:08 [cluster-ClusterId{value='6a43af698a82e8285fc22de0', description='Cluster0'}-ac-3p2q7xz-shard-00-02.tu87wjs.mongodb.net:27017] INFO  org.mongodb.driver.cluster - Discovered replica set primary ac-3p2q7xz-shard-00-02.tu87wjs.mongodb.net:27017 with max election id 7fffffff0000000000000139 and max set version 282
26 - 06 - 30 17:28:35:09 [cluster-ClusterId{value='6a43af6a0a68175d4a7b26c3', description='Cluster0'}-ac-3p2q7xz-shard-00-01.tu87wjs.mongodb.net:27017] INFO  org.mongodb.driver.cluster - Monitor thread successfully connected to server with description ServerDescription{address=ac-3p2q7xz-shard-00-01.tu87wjs.mongodb.net:27017, type=REPLICA_SET_SECONDARY, cryptd=false, state=CONNECTED, ok=true, minWireVersion=0, maxWireVersion=25, maxDocumentSize=16777216, logicalSessionTimeoutMinutes=30, roundTripTimeNanos=513101900, minRoundTripTimeNanos=0, setName='atlas-525rmk-shard-0', canonicalAddress=ac-3p2q7xz-shard-00-01.tu87wjs.mongodb.net:27017, hosts=[ac-3p2q7xz-shard-00-01.tu87wjs.mongodb.net:27017, ac-3p2q7xz-shard-00-02.tu87wjs.mongodb.net:27017, ac-3p2q7xz-shard-00-00.tu87wjs.mongodb.net:27017], passives=[], arbiters=[], primary='ac-3p2q7xz-shard-00-02.tu87wjs.mongodb.net:27017', tagSet=TagSet{[Tag{name='availabilityZone', value='aps1-az3'}, Tag{name='cacheState', value='READY'}, Tag{name='diskState', value='READY'}, Tag{name='nodeType', value='ELECTABLE'}, Tag{name='provider', value='AWS'}, Tag{name='region', value='AP_SOUTH_1'}, Tag{name='workloadType', value='OPERATIONAL'}]}, electionId=null, setVersion=282, topologyVersion=TopologyVersion{processId=6a3bd5e73e1c7c37d8f47572, counter=3}, lastWriteDate=Tue Jun 30 17:28:41 IST 2026, lastUpdateTimeNanos=21869908515700}
26 - 06 - 30 17:28:35:09 [cluster-ClusterId{value='6a43af6a0a68175d4a7b26c3', description='Cluster0'}-ac-3p2q7xz-shard-00-00.tu87wjs.mongodb.net:27017] INFO  org.mongodb.driver.cluster - Monitor thread successfully connected to server with description ServerDescription{address=ac-3p2q7xz-shard-00-00.tu87wjs.mongodb.net:27017, type=REPLICA_SET_SECONDARY, cryptd=false, state=CONNECTED, ok=true, minWireVersion=0, maxWireVersion=25, maxDocumentSize=16777216, logicalSessionTimeoutMinutes=30, roundTripTimeNanos=512834400, minRoundTripTimeNanos=0, setName='atlas-525rmk-shard-0', canonicalAddress=ac-3p2q7xz-shard-00-00.tu87wjs.mongodb.net:27017, hosts=[ac-3p2q7xz-shard-00-01.tu87wjs.mongodb.net:27017, ac-3p2q7xz-shard-00-02.tu87wjs.mongodb.net:27017, ac-3p2q7xz-shard-00-00.tu87wjs.mongodb.net:27017], passives=[], arbiters=[], primary='ac-3p2q7xz-shard-00-02.tu87wjs.mongodb.net:27017', tagSet=TagSet{[Tag{name='availabilityZone', value='aps1-az1'}, Tag{name='cacheState', value='READY'}, Tag{name='diskState', value='READY'}, Tag{name='nodeType', value='ELECTABLE'}, Tag{name='provider', value='AWS'}, Tag{name='region', value='AP_SOUTH_1'}, Tag{name='workloadType', value='OPERATIONAL'}]}, electionId=null, setVersion=282, topologyVersion=TopologyVersion{processId=6a3bd53524f331d0a32f3fae, counter=4}, lastWriteDate=Tue Jun 30 17:28:41 IST 2026, lastUpdateTimeNanos=21869908220900}
26 - 06 - 30 17:28:35:09 [cluster-ClusterId{value='6a43af6a0a68175d4a7b26c3', description='Cluster0'}-ac-3p2q7xz-shard-00-02.tu87wjs.mongodb.net:27017] INFO  org.mongodb.driver.cluster - Monitor thread successfully connected to server with description ServerDescription{address=ac-3p2q7xz-shard-00-02.tu87wjs.mongodb.net:27017, type=REPLICA_SET_PRIMARY, cryptd=false, state=CONNECTED, ok=true, minWireVersion=0, maxWireVersion=25, maxDocumentSize=16777216, logicalSessionTimeoutMinutes=30, roundTripTimeNanos=512816600, minRoundTripTimeNanos=0, setName='atlas-525rmk-shard-0', canonicalAddress=ac-3p2q7xz-shard-00-02.tu87wjs.mongodb.net:27017, hosts=[ac-3p2q7xz-shard-00-01.tu87wjs.mongodb.net:27017, ac-3p2q7xz-shard-00-02.tu87wjs.mongodb.net:27017, ac-3p2q7xz-shard-00-00.tu87wjs.mongodb.net:27017], passives=[], arbiters=[], primary='ac-3p2q7xz-shard-00-02.tu87wjs.mongodb.net:27017', tagSet=TagSet{[Tag{name='availabilityZone', value='aps1-az2'}, Tag{name='cacheState', value='READY'}, Tag{name='diskState', value='READY'}, Tag{name='nodeType', value='ELECTABLE'}, Tag{name='provider', value='AWS'}, Tag{name='region', value='AP_SOUTH_1'}, Tag{name='workloadType', value='OPERATIONAL'}]}, electionId=7fffffff0000000000000139, setVersion=282, topologyVersion=TopologyVersion{processId=6a3bd58dc4ee9f1a6b3d04a8, counter=6}, lastWriteDate=Tue Jun 30 17:28:41 IST 2026, lastUpdateTimeNanos=21869908220900}
26 - 06 - 30 17:28:35:10 [cluster-ClusterId{value='6a43af6a0a68175d4a7b26c3', description='Cluster0'}-ac-3p2q7xz-shard-00-02.tu87wjs.mongodb.net:27017] INFO  org.mongodb.driver.cluster - Discovered replica set primary ac-3p2q7xz-shard-00-02.tu87wjs.mongodb.net:27017 with max election id 7fffffff0000000000000139 and max set version 282
26 - 06 - 30 17:28:35:83 [main] DEBUG c.a.j.config.JwtAuthenticationFilter - Filter 'jwtAuthenticationFilter' configured for use
26 - 06 - 30 17:28:36:01 [main] INFO  o.s.s.c.a.a.c.InitializeUserDetailsBeanManagerConfigurer$InitializeUserDetailsManagerConfigurer - Global AuthenticationManager configured with UserDetailsService bean with name userDetailsServiceImpl
26 - 06 - 30 17:28:36:11 [main] INFO  o.s.s.c.a.a.c.InitializeUserDetailsBeanManagerConfigurer$InitializeUserDetailsManagerConfigurer - Global AuthenticationManager configured with UserDetailsService bean with name userDetailsServiceImpl
26 - 06 - 30 17:28:37:74 [main] INFO  o.a.coyote.http11.Http11NioProtocol - Starting ProtocolHandler ["http-nio-8080"]
26 - 06 - 30 17:28:37:76 [main] INFO  o.s.b.w.e.tomcat.TomcatWebServer - Tomcat started on port 8080 (http) with context path '/journal'
26 - 06 - 30 17:28:37:83 [main] INFO  o.a.k.c.consumer.ConsumerConfig - ConsumerConfig values: 
	allow.auto.create.topics = true
	auto.commit.interval.ms = 5000
	auto.include.jmx.reporter = true
	auto.offset.reset = latest
	bootstrap.servers = [pkc-921jm.us-east-2.aws.confluent.cloud:9092]
	check.crcs = true
	client.dns.lookup = use_all_dns_ips
	client.id = consumer-weekly-sentiment-group-1
	client.rack = 
	connections.max.idle.ms = 540000
	default.api.timeout.ms = 60000
	enable.auto.commit = false
	enable.metrics.push = true
	exclude.internal.topics = true
	fetch.max.bytes = 52428800
	fetch.max.wait.ms = 500
	fetch.min.bytes = 1
	group.id = weekly-sentiment-group
	group.instance.id = null
	group.protocol = classic
	group.remote.assignor = null
	heartbeat.interval.ms = 3000
	interceptor.classes = []
	internal.leave.group.on.close = true
	internal.throw.on.fetch.stable.offset.unsupported = false
	isolation.level = read_uncommitted
	key.deserializer = class org.apache.kafka.common.serialization.StringDeserializer
	max.partition.fetch.bytes = 1048576
	max.poll.interval.ms = 300000
	max.poll.records = 500
	metadata.max.age.ms = 300000
	metadata.recovery.strategy = none
	metric.reporters = []
	metrics.num.samples = 2
	metrics.recording.level = INFO
	metrics.sample.window.ms = 30000
	partition.assignment.strategy = [class org.apache.kafka.clients.consumer.RangeAssignor, class org.apache.kafka.clients.consumer.CooperativeStickyAssignor]
	receive.buffer.bytes = 65536
	reconnect.backoff.max.ms = 1000
	reconnect.backoff.ms = 50
	request.timeout.ms = 30000
	retry.backoff.max.ms = 1000
	retry.backoff.ms = 100
	sasl.client.callback.handler.class = null
	sasl.jaas.config = [hidden]
	sasl.kerberos.kinit.cmd = /usr/bin/kinit
	sasl.kerberos.min.time.before.relogin = 60000
	sasl.kerberos.service.name = null
	sasl.kerberos.ticket.renew.jitter = 0.05
	sasl.kerberos.ticket.renew.window.factor = 0.8
	sasl.login.callback.handler.class = null
	sasl.login.class = null
	sasl.login.connect.timeout.ms = null
	sasl.login.read.timeout.ms = null
	sasl.login.refresh.buffer.seconds = 300
	sasl.login.refresh.min.period.seconds = 60
	sasl.login.refresh.window.factor = 0.8
	sasl.login.refresh.window.jitter = 0.05
	sasl.login.retry.backoff.max.ms = 10000
	sasl.login.retry.backoff.ms = 100
	sasl.mechanism = PLAIN
	sasl.oauthbearer.clock.skew.seconds = 30
	sasl.oauthbearer.expected.audience = null
	sasl.oauthbearer.expected.issuer = null
	sasl.oauthbearer.header.urlencode = false
	sasl.oauthbearer.jwks.endpoint.refresh.ms = 3600000
	sasl.oauthbearer.jwks.endpoint.retry.backoff.max.ms = 10000
	sasl.oauthbearer.jwks.endpoint.retry.backoff.ms = 100
	sasl.oauthbearer.jwks.endpoint.url = null
	sasl.oauthbearer.scope.claim.name = scope
	sasl.oauthbearer.sub.claim.name = sub
	sasl.oauthbearer.token.endpoint.url = null
	security.protocol = SASL_SSL
	security.providers = null
	send.buffer.bytes = 131072
	session.timeout.ms = 45000
	socket.connection.setup.timeout.max.ms = 30000
	socket.connection.setup.timeout.ms = 10000
	ssl.cipher.suites = null
	ssl.enabled.protocols = [TLSv1.2, TLSv1.3]
	ssl.endpoint.identification.algorithm = https
	ssl.engine.factory.class = null
	ssl.key.password = null
	ssl.keymanager.algorithm = SunX509
	ssl.keystore.certificate.chain = null
	ssl.keystore.key = null
	ssl.keystore.location = null
	ssl.keystore.password = null
	ssl.keystore.type = JKS
	ssl.protocol = TLSv1.3
	ssl.provider = null
	ssl.secure.random.implementation = null
	ssl.trustmanager.algorithm = PKIX
	ssl.truststore.certificates = null
	ssl.truststore.location = null
	ssl.truststore.password = null
	ssl.truststore.type = JKS
	value.deserializer = class org.springframework.kafka.support.serializer.JsonDeserializer

26 - 06 - 30 17:28:37:91 [main] INFO  o.a.k.c.t.i.KafkaMetricsCollector - initializing Kafka metrics collector
26 - 06 - 30 17:28:38:06 [main] INFO  o.a.k.c.consumer.ConsumerConfig - ConsumerConfig values: 
	allow.auto.create.topics = true
	auto.commit.interval.ms = 5000
	auto.include.jmx.reporter = true
	auto.offset.reset = latest
	bootstrap.servers = [pkc-921jm.us-east-2.aws.confluent.cloud:9092]
	check.crcs = true
	client.dns.lookup = use_all_dns_ips
	client.id = consumer-weekly-sentiment-group-1
	client.rack = 
	connections.max.idle.ms = 540000
	default.api.timeout.ms = 60000
	enable.auto.commit = false
	enable.metrics.push = true
	exclude.internal.topics = true
	fetch.max.bytes = 52428800
	fetch.max.wait.ms = 500
	fetch.min.bytes = 1
	group.id = weekly-sentiment-group
	group.instance.id = null
	group.protocol = classic
	group.remote.assignor = null
	heartbeat.interval.ms = 3000
	interceptor.classes = []
	internal.leave.group.on.close = true
	internal.throw.on.fetch.stable.offset.unsupported = false
	isolation.level = read_uncommitted
	key.deserializer = class org.apache.kafka.common.serialization.StringDeserializer
	max.partition.fetch.bytes = 1048576
	max.poll.interval.ms = 300000
	max.poll.records = 500
	metadata.max.age.ms = 300000
	metadata.recovery.strategy = none
	metric.reporters = []
	metrics.num.samples = 2
	metrics.recording.level = INFO
	metrics.sample.window.ms = 30000
	partition.assignment.strategy = [class org.apache.kafka.clients.consumer.RangeAssignor, class org.apache.kafka.clients.consumer.CooperativeStickyAssignor]
	receive.buffer.bytes = 65536
	reconnect.backoff.max.ms = 1000
	reconnect.backoff.ms = 50
	request.timeout.ms = 30000
	retry.backoff.max.ms = 1000
	retry.backoff.ms = 100
	sasl.client.callback.handler.class = null
	sasl.jaas.config = [hidden]
	sasl.kerberos.kinit.cmd = /usr/bin/kinit
	sasl.kerberos.min.time.before.relogin = 60000
	sasl.kerberos.service.name = null
	sasl.kerberos.ticket.renew.jitter = 0.05
	sasl.kerberos.ticket.renew.window.factor = 0.8
	sasl.login.callback.handler.class = null
	sasl.login.class = null
	sasl.login.connect.timeout.ms = null
	sasl.login.read.timeout.ms = null
	sasl.login.refresh.buffer.seconds = 300
	sasl.login.refresh.min.period.seconds = 60
	sasl.login.refresh.window.factor = 0.8
	sasl.login.refresh.window.jitter = 0.05
	sasl.login.retry.backoff.max.ms = 10000
	sasl.login.retry.backoff.ms = 100
	sasl.mechanism = PLAIN
	sasl.oauthbearer.clock.skew.seconds = 30
	sasl.oauthbearer.expected.audience = null
	sasl.oauthbearer.expected.issuer = null
	sasl.oauthbearer.header.urlencode = false
	sasl.oauthbearer.jwks.endpoint.refresh.ms = 3600000
	sasl.oauthbearer.jwks.endpoint.retry.backoff.max.ms = 10000
	sasl.oauthbearer.jwks.endpoint.retry.backoff.ms = 100
	sasl.oauthbearer.jwks.endpoint.url = null
	sasl.oauthbearer.scope.claim.name = scope
	sasl.oauthbearer.sub.claim.name = sub
	sasl.oauthbearer.token.endpoint.url = null
	security.protocol = SASL_SSL
	security.providers = null
	send.buffer.bytes = 131072
	session.timeout.ms = 45000
	socket.connection.setup.timeout.max.ms = 30000
	socket.connection.setup.timeout.ms = 10000
	ssl.cipher.suites = null
	ssl.enabled.protocols = [TLSv1.2, TLSv1.3]
	ssl.endpoint.identification.algorithm = https
	ssl.engine.factory.class = null
	ssl.key.password = null
	ssl.keymanager.algorithm = SunX509
	ssl.keystore.certificate.chain = null
	ssl.keystore.key = null
	ssl.keystore.location = null
	ssl.keystore.password = null
	ssl.keystore.type = JKS
	ssl.protocol = TLSv1.3
	ssl.provider = null
	ssl.secure.random.implementation = null
	ssl.trustmanager.algorithm = PKIX
	ssl.truststore.certificates = null
	ssl.truststore.location = null
	ssl.truststore.password = null
	ssl.truststore.type = JKS
	value.deserializer = class org.springframework.kafka.support.serializer.JsonDeserializer

26 - 06 - 30 17:28:38:16 [main] INFO  o.a.k.c.t.i.KafkaMetricsCollector - initializing Kafka metrics collector
26 - 06 - 30 17:28:38:30 [main] INFO  o.a.k.c.s.a.AbstractLogin - Successfully logged in.
26 - 06 - 30 17:28:38:39 [main] INFO  o.a.k.c.s.a.AbstractLogin - Successfully logged in.
26 - 06 - 30 17:28:38:41 [main] INFO  o.a.kafka.common.utils.AppInfoParser - Kafka version: 3.9.1
26 - 06 - 30 17:28:38:41 [main] INFO  o.a.kafka.common.utils.AppInfoParser - Kafka commitId: f745dfdcee2b9851
26 - 06 - 30 17:28:38:41 [main] INFO  o.a.kafka.common.utils.AppInfoParser - Kafka startTimeMs: 1782820718408
26 - 06 - 30 17:28:38:41 [main] INFO  o.a.k.c.c.i.ClassicKafkaConsumer - [Consumer clientId=consumer-weekly-sentiment-group-1, groupId=weekly-sentiment-group] Subscribed to topic(s): weekly-sentiment
26 - 06 - 30 17:28:38:44 [main] INFO  c.a.journalApp.JournalApplication - Started JournalApplication in 8.276 seconds (process running for 9.893)
26 - 06 - 30 17:28:38:50 [main] INFO  o.a.kafka.common.utils.AppInfoParser - Kafka version: 3.9.1
26 - 06 - 30 17:28:38:50 [main] INFO  o.a.kafka.common.utils.AppInfoParser - Kafka commitId: f745dfdcee2b9851
26 - 06 - 30 17:28:38:50 [main] INFO  o.a.kafka.common.utils.AppInfoParser - Kafka startTimeMs: 1782820718499
26 - 06 - 30 17:28:38:50 [main] INFO  o.a.k.c.c.i.ClassicKafkaConsumer - [Consumer clientId=consumer-weekly-sentiment-group-1, groupId=weekly-sentiment-group] Subscribed to topic(s): weekly-sentiment
26 - 06 - 30 17:28:38:54 [main] INFO  c.a.j.cron.UserSchedulerTest - Started UserSchedulerTest in 8.88 seconds (process running for 11.797)
26 - 06 - 30 17:28:39:74 [org.springframework.kafka.KafkaListenerEndpointContainer#0-0-C-1] INFO  o.a.k.c.c.i.ConsumerCoordinator - [Consumer clientId=consumer-weekly-sentiment-group-1, groupId=weekly-sentiment-group] Resetting generation and member id due to: consumer pro-actively leaving the group
26 - 06 - 30 17:28:39:74 [org.springframework.kafka.KafkaListenerEndpointContainer#0-0-C-1] INFO  o.a.k.c.c.i.ConsumerCoordinator - [Consumer clientId=consumer-weekly-sentiment-group-1, groupId=weekly-sentiment-group] Request joining group due to: consumer pro-actively leaving the group
26 - 06 - 30 17:28:39:74 [org.springframework.kafka.KafkaListenerEndpointContainer#0-0-C-1] INFO  o.a.k.c.c.i.ClassicKafkaConsumer - [Consumer clientId=consumer-weekly-sentiment-group-1, groupId=weekly-sentiment-group] Unsubscribed all topics or patterns and assigned partitions
26 - 06 - 30 17:28:39:75 [org.springframework.kafka.KafkaListenerEndpointContainer#0-0-C-1] INFO  o.a.k.c.c.i.ConsumerCoordinator - [Consumer clientId=consumer-weekly-sentiment-group-1, groupId=weekly-sentiment-group] Resetting generation and member id due to: consumer pro-actively leaving the group
26 - 06 - 30 17:28:39:75 [org.springframework.kafka.KafkaListenerEndpointContainer#0-0-C-1] INFO  o.a.k.c.c.i.ConsumerCoordinator - [Consumer clientId=consumer-weekly-sentiment-group-1, groupId=weekly-sentiment-group] Request joining group due to: consumer pro-actively leaving the group
26 - 06 - 30 17:28:39:75 [org.springframework.kafka.KafkaListenerEndpointContainer#0-0-C-1] INFO  o.a.kafka.common.metrics.Metrics - Metrics scheduler closed
26 - 06 - 30 17:28:39:75 [org.springframework.kafka.KafkaListenerEndpointContainer#0-0-C-1] INFO  o.a.kafka.common.metrics.Metrics - Closing reporter org.apache.kafka.common.metrics.JmxReporter
26 - 06 - 30 17:28:39:75 [org.springframework.kafka.KafkaListenerEndpointContainer#0-0-C-1] INFO  o.a.kafka.common.metrics.Metrics - Closing reporter org.apache.kafka.common.telemetry.internals.ClientTelemetryReporter
26 - 06 - 30 17:28:39:75 [org.springframework.kafka.KafkaListenerEndpointContainer#0-0-C-1] INFO  o.a.kafka.common.metrics.Metrics - Metrics reporters closed
26 - 06 - 30 17:28:39:76 [org.springframework.kafka.KafkaListenerEndpointContainer#0-0-C-1] INFO  o.a.kafka.common.utils.AppInfoParser - App info kafka.consumer for consumer-weekly-sentiment-group-1 unregistered
26 - 06 - 30 17:28:39:76 [org.springframework.kafka.KafkaListenerEndpointContainer#0-0-C-1] INFO  o.s.k.l.KafkaMessageListenerContainer - weekly-sentiment-group: Consumer stopped
26 - 06 - 30 17:28:41:43 [org.springframework.kafka.KafkaListenerEndpointContainer#0-0-C-1] INFO  org.apache.kafka.clients.Metadata - [Consumer clientId=consumer-weekly-sentiment-group-1, groupId=weekly-sentiment-group] Cluster ID: lkc-w77oggg
26 - 06 - 30 17:28:41:43 [org.springframework.kafka.KafkaListenerEndpointContainer#0-0-C-1] INFO  o.a.k.c.c.i.ConsumerCoordinator - [Consumer clientId=consumer-weekly-sentiment-group-1, groupId=weekly-sentiment-group] Discovered group coordinator b9-pkc-921jm.us-east-2.aws.confluent.cloud:9092 (id: 2147483638 rack: null)
26 - 06 - 30 17:28:41:56 [org.springframework.kafka.KafkaListenerEndpointContainer#0-0-C-1] INFO  o.a.k.c.c.i.ConsumerCoordinator - [Consumer clientId=consumer-weekly-sentiment-group-1, groupId=weekly-sentiment-group] (Re-)joining group
26 - 06 - 30 17:28:41:57 [org.springframework.kafka.KafkaListenerEndpointContainer#0-0-C-1] INFO  o.a.k.c.t.i.ClientTelemetryReporter - Client telemetry registered with client instance id: 6Gt83cjPT861DVmdKgzvdA
26 - 06 - 30 17:28:43:79 [org.springframework.kafka.KafkaListenerEndpointContainer#0-0-C-1] INFO  o.a.k.c.c.i.ConsumerCoordinator - [Consumer clientId=consumer-weekly-sentiment-group-1, groupId=weekly-sentiment-group] Request joining group due to: need to re-join with the given member-id: consumer-weekly-sentiment-group-1-eb7ad167-b445-4788-940e-cb222097c33c
26 - 06 - 30 17:28:43:79 [org.springframework.kafka.KafkaListenerEndpointContainer#0-0-C-1] INFO  o.a.k.c.c.i.ConsumerCoordinator - [Consumer clientId=consumer-weekly-sentiment-group-1, groupId=weekly-sentiment-group] (Re-)joining group
26 - 06 - 30 17:28:44:09 [org.springframework.kafka.KafkaListenerEndpointContainer#0-0-C-1] INFO  o.a.k.c.c.i.ConsumerCoordinator - [Consumer clientId=consumer-weekly-sentiment-group-1, groupId=weekly-sentiment-group] Successfully joined group with generation Generation{generationId=3, memberId='consumer-weekly-sentiment-group-1-eb7ad167-b445-4788-940e-cb222097c33c', protocol='range'}
26 - 06 - 30 17:28:44:10 [org.springframework.kafka.KafkaListenerEndpointContainer#0-0-C-1] INFO  o.a.k.c.c.i.ConsumerCoordinator - [Consumer clientId=consumer-weekly-sentiment-group-1, groupId=weekly-sentiment-group] Finished assignment for group at generation 3: {consumer-weekly-sentiment-group-1-eb7ad167-b445-4788-940e-cb222097c33c=Assignment(partitions=[weekly-sentiment-0, weekly-sentiment-1, weekly-sentiment-2, weekly-sentiment-3, weekly-sentiment-4, weekly-sentiment-5])}
26 - 06 - 30 17:28:44:41 [org.springframework.kafka.KafkaListenerEndpointContainer#0-0-C-1] INFO  o.a.k.c.c.i.ConsumerCoordinator - [Consumer clientId=consumer-weekly-sentiment-group-1, groupId=weekly-sentiment-group] Successfully synced group in generation Generation{generationId=3, memberId='consumer-weekly-sentiment-group-1-eb7ad167-b445-4788-940e-cb222097c33c', protocol='range'}
26 - 06 - 30 17:28:44:42 [org.springframework.kafka.KafkaListenerEndpointContainer#0-0-C-1] INFO  o.a.k.c.c.i.ConsumerCoordinator - [Consumer clientId=consumer-weekly-sentiment-group-1, groupId=weekly-sentiment-group] Notifying assignor about the new Assignment(partitions=[weekly-sentiment-0, weekly-sentiment-1, weekly-sentiment-2, weekly-sentiment-3, weekly-sentiment-4, weekly-sentiment-5])
26 - 06 - 30 17:28:44:42 [org.springframework.kafka.KafkaListenerEndpointContainer#0-0-C-1] INFO  o.a.k.c.c.i.ConsumerRebalanceListenerInvoker - [Consumer clientId=consumer-weekly-sentiment-group-1, groupId=weekly-sentiment-group] Adding newly assigned partitions: weekly-sentiment-0, weekly-sentiment-1, weekly-sentiment-2, weekly-sentiment-3, weekly-sentiment-4, weekly-sentiment-5
26 - 06 - 30 17:28:45:03 [org.springframework.kafka.KafkaListenerEndpointContainer#0-0-C-1] INFO  o.a.k.c.c.internals.ConsumerUtils - Setting offset for partition weekly-sentiment-0 to the committed offset FetchPosition{offset=0, offsetEpoch=Optional.empty, currentLeader=LeaderAndEpoch{leader=Optional[b13-pkc-921jm.us-east-2.aws.confluent.cloud:9092 (id: 13 rack: use2-az2)], epoch=6}}
26 - 06 - 30 17:28:45:03 [org.springframework.kafka.KafkaListenerEndpointContainer#0-0-C-1] INFO  o.a.k.c.c.internals.ConsumerUtils - Setting offset for partition weekly-sentiment-5 to the committed offset FetchPosition{offset=0, offsetEpoch=Optional.empty, currentLeader=LeaderAndEpoch{leader=Optional[b12-pkc-921jm.us-east-2.aws.confluent.cloud:9092 (id: 12 rack: use2-az1)], epoch=4}}
26 - 06 - 30 17:28:45:03 [org.springframework.kafka.KafkaListenerEndpointContainer#0-0-C-1] INFO  o.a.k.c.c.internals.ConsumerUtils - Setting offset for partition weekly-sentiment-3 to the committed offset FetchPosition{offset=0, offsetEpoch=Optional.empty, currentLeader=LeaderAndEpoch{leader=Optional[b16-pkc-921jm.us-east-2.aws.confluent.cloud:9092 (id: 16 rack: use2-az2)], epoch=5}}
26 - 06 - 30 17:28:45:03 [org.springframework.kafka.KafkaListenerEndpointContainer#0-0-C-1] INFO  o.a.k.c.c.internals.ConsumerUtils - Setting offset for partition weekly-sentiment-4 to the committed offset FetchPosition{offset=7, offsetEpoch=Optional.empty, currentLeader=LeaderAndEpoch{leader=Optional[b17-pkc-921jm.us-east-2.aws.confluent.cloud:9092 (id: 17 rack: use2-az3)], epoch=6}}
26 - 06 - 30 17:28:45:03 [org.springframework.kafka.KafkaListenerEndpointContainer#0-0-C-1] INFO  o.a.k.c.c.internals.ConsumerUtils - Setting offset for partition weekly-sentiment-1 to the committed offset FetchPosition{offset=6, offsetEpoch=Optional.empty, currentLeader=LeaderAndEpoch{leader=Optional[b14-pkc-921jm.us-east-2.aws.confluent.cloud:9092 (id: 14 rack: use2-az3)], epoch=4}}
26 - 06 - 30 17:28:45:03 [org.springframework.kafka.KafkaListenerEndpointContainer#0-0-C-1] INFO  o.a.k.c.c.internals.ConsumerUtils - Setting offset for partition weekly-sentiment-2 to the committed offset FetchPosition{offset=0, offsetEpoch=Optional.empty, currentLeader=LeaderAndEpoch{leader=Optional[b15-pkc-921jm.us-east-2.aws.confluent.cloud:9092 (id: 15 rack: use2-az1)], epoch=4}}
26 - 06 - 30 17:28:45:13 [org.springframework.kafka.KafkaListenerEndpointContainer#0-0-C-1] INFO  o.s.k.l.KafkaMessageListenerContainer - weekly-sentiment-group: partitions assigned: [weekly-sentiment-0, weekly-sentiment-1, weekly-sentiment-2, weekly-sentiment-3, weekly-sentiment-4, weekly-sentiment-5]
