26 - 06 - 30 17:26:01:02 [main] INFO  o.s.d.r.c.RepositoryConfigurationDelegate - Multiple Spring Data modules found, entering strict repository configuration mode
26 - 06 - 30 17:26:01:02 [main] INFO  o.s.d.r.c.RepositoryConfigurationDelegate - Bootstrapping Spring Data MongoDB repositories in DEFAULT mode.
26 - 06 - 30 17:26:01:43 [main] INFO  o.s.d.r.c.RepositoryConfigurationDelegate - Finished Spring Data repository scanning in 391 ms. Found 3 MongoDB repository interfaces.
26 - 06 - 30 17:26:01:46 [main] INFO  o.s.d.r.c.RepositoryConfigurationDelegate - Multiple Spring Data modules found, entering strict repository configuration mode
26 - 06 - 30 17:26:01:46 [main] INFO  o.s.d.r.c.RepositoryConfigurationDelegate - Bootstrapping Spring Data Redis repositories in DEFAULT mode.
26 - 06 - 30 17:26:01:50 [main] INFO  o.s.d.r.c.RepositoryConfigurationExtensionSupport - Spring Data Redis - Could not safely identify store assignment for repository candidate interface com.amakeit.journalApp.repository.ConfigJournalAppRepository; If you want this repository to be a Redis repository, consider annotating your entities with one of these annotations: org.springframework.data.redis.core.RedisHash (preferred), or consider extending one of the following types with your repository: org.springframework.data.keyvalue.repository.KeyValueRepository
26 - 06 - 30 17:26:01:50 [main] INFO  o.s.d.r.c.RepositoryConfigurationExtensionSupport - Spring Data Redis - Could not safely identify store assignment for repository candidate interface com.amakeit.journalApp.repository.JournalEntryRepository; If you want this repository to be a Redis repository, consider annotating your entities with one of these annotations: org.springframework.data.redis.core.RedisHash (preferred), or consider extending one of the following types with your repository: org.springframework.data.keyvalue.repository.KeyValueRepository
26 - 06 - 30 17:26:01:50 [main] INFO  o.s.d.r.c.RepositoryConfigurationExtensionSupport - Spring Data Redis - Could not safely identify store assignment for repository candidate interface com.amakeit.journalApp.repository.UserRepository; If you want this repository to be a Redis repository, consider annotating your entities with one of these annotations: org.springframework.data.redis.core.RedisHash (preferred), or consider extending one of the following types with your repository: org.springframework.data.keyvalue.repository.KeyValueRepository
26 - 06 - 30 17:26:01:50 [main] INFO  o.s.d.r.c.RepositoryConfigurationDelegate - Finished Spring Data repository scanning in 20 ms. Found 0 Redis repository interfaces.
26 - 06 - 30 17:26:02:87 [main] INFO  org.mongodb.driver.client - MongoClient with metadata {"application": {"name": "Cluster0"}, "driver": {"name": "mongo-java-driver|sync|spring-boot", "version": "5.5.2"}, "os": {"type": "Windows", "name": "Windows 11", "architecture": "amd64", "version": "10.0"}, "platform": "Java/Oracle Corporation/25.0.1+8-27"} created with settings MongoClientSettings{readPreference=primary, writeConcern=WriteConcern{w=null, wTimeout=null ms, journal=null}, retryWrites=true, retryReads=true, readConcern=ReadConcern{level=null}, credential=MongoCredential{mechanism=null, userName='vivek123456', source='admin', password=<hidden>, mechanismProperties=<hidden>}, transportSettings=null, commandListeners=[], codecRegistry=ProvidersCodecRegistry{codecProviders=[ValueCodecProvider{}, BsonValueCodecProvider{}, DBRefCodecProvider{}, DBObjectCodecProvider{}, DocumentCodecProvider{}, CollectionCodecProvider{}, IterableCodecProvider{}, MapCodecProvider{}, GeoJsonCodecProvider{}, GridFSFileCodecProvider{}, Jsr310CodecProvider{}, JsonObjectCodecProvider{}, BsonCodecProvider{}, EnumCodecProvider{}, com.mongodb.client.model.mql.ExpressionCodecProvider@489f62a3, com.mongodb.Jep395RecordCodecProvider@6e068ac9, com.mongodb.KotlinCodecProvider@3d0352]}, loggerSettings=LoggerSettings{maxDocumentLength=1000}, clusterSettings={hosts=[127.0.0.1:27017], srvHost=cluster0.tu87wjs.mongodb.net, srvServiceName=mongodb, mode=MULTIPLE, requiredClusterType=REPLICA_SET, requiredReplicaSetName='atlas-525rmk-shard-0', serverSelector='null', clusterListeners='[]', serverSelectionTimeout='30000 ms', localThreshold='15 ms'}, socketSettings=SocketSettings{connectTimeoutMS=10000, readTimeoutMS=0, receiveBufferSize=0, proxySettings=ProxySettings{host=null, port=null, username=null, password=null}}, heartbeatSocketSettings=SocketSettings{connectTimeoutMS=10000, readTimeoutMS=10000, receiveBufferSize=0, proxySettings=ProxySettings{host=null, port=null, username=null, password=null}}, connectionPoolSettings=ConnectionPoolSettings{maxSize=100, minSize=0, maxWaitTimeMS=120000, maxConnectionLifeTimeMS=0, maxConnectionIdleTimeMS=0, maintenanceInitialDelayMS=0, maintenanceFrequencyMS=60000, connectionPoolListeners=[], maxConnecting=2}, serverSettings=ServerSettings{heartbeatFrequencyMS=10000, minHeartbeatFrequencyMS=500, serverMonitoringMode=AUTO, serverListeners='[]', serverMonitorListeners='[]'}, sslSettings=SslSettings{enabled=true, invalidHostNameAllowed=false, context=null}, applicationName='Cluster0', compressorList=[], uuidRepresentation=JAVA_LEGACY, serverApi=null, autoEncryptionSettings=null, dnsClient=null, inetAddressResolver=null, contextProvider=null, timeoutMS=null}
26 - 06 - 30 17:26:03:05 [cluster-ClusterId{value='6a43aed2cf772afc722581ba', description='Cluster0'}-srv-cluster0.tu87wjs.mongodb.net] INFO  org.mongodb.driver.cluster - Adding discovered server ac-3p2q7xz-shard-00-02.tu87wjs.mongodb.net:27017 to client view of cluster
26 - 06 - 30 17:26:03:12 [cluster-ClusterId{value='6a43aed2cf772afc722581ba', description='Cluster0'}-srv-cluster0.tu87wjs.mongodb.net] INFO  org.mongodb.driver.cluster - Adding discovered server ac-3p2q7xz-shard-00-00.tu87wjs.mongodb.net:27017 to client view of cluster
26 - 06 - 30 17:26:03:13 [cluster-ClusterId{value='6a43aed2cf772afc722581ba', description='Cluster0'}-srv-cluster0.tu87wjs.mongodb.net] INFO  org.mongodb.driver.cluster - Adding discovered server ac-3p2q7xz-shard-00-01.tu87wjs.mongodb.net:27017 to client view of cluster
26 - 06 - 30 17:26:03:62 [main] INFO  org.mongodb.driver.cluster - Waiting for server to become available for operation with ID 5. Remaining time: 29980 ms. Selector: WritableServerSelector, topology description: {type=REPLICA_SET, servers=[{address=ac-3p2q7xz-shard-00-02.tu87wjs.mongodb.net:27017, type=UNKNOWN, state=CONNECTING}, {address=ac-3p2q7xz-shard-00-00.tu87wjs.mongodb.net:27017, type=UNKNOWN, state=CONNECTING}, {address=ac-3p2q7xz-shard-00-01.tu87wjs.mongodb.net:27017, type=UNKNOWN, state=CONNECTING}].
26 - 06 - 30 17:26:04:63 [cluster-ClusterId{value='6a43aed2cf772afc722581ba', description='Cluster0'}-ac-3p2q7xz-shard-00-00.tu87wjs.mongodb.net:27017] INFO  org.mongodb.driver.cluster - Monitor thread successfully connected to server with description ServerDescription{address=ac-3p2q7xz-shard-00-00.tu87wjs.mongodb.net:27017, type=REPLICA_SET_SECONDARY, cryptd=false, state=CONNECTED, ok=true, minWireVersion=0, maxWireVersion=25, maxDocumentSize=16777216, logicalSessionTimeoutMinutes=30, roundTripTimeNanos=747364000, minRoundTripTimeNanos=0, setName='atlas-525rmk-shard-0', canonicalAddress=ac-3p2q7xz-shard-00-00.tu87wjs.mongodb.net:27017, hosts=[ac-3p2q7xz-shard-00-01.tu87wjs.mongodb.net:27017, ac-3p2q7xz-shard-00-02.tu87wjs.mongodb.net:27017, ac-3p2q7xz-shard-00-00.tu87wjs.mongodb.net:27017], passives=[], arbiters=[], primary='ac-3p2q7xz-shard-00-02.tu87wjs.mongodb.net:27017', tagSet=TagSet{[Tag{name='availabilityZone', value='aps1-az1'}, Tag{name='cacheState', value='READY'}, Tag{name='diskState', value='READY'}, Tag{name='nodeType', value='ELECTABLE'}, Tag{name='provider', value='AWS'}, Tag{name='region', value='AP_SOUTH_1'}, Tag{name='workloadType', value='OPERATIONAL'}]}, electionId=null, setVersion=282, topologyVersion=TopologyVersion{processId=6a3bd53524f331d0a32f3fae, counter=4}, lastWriteDate=Tue Jun 30 17:26:11 IST 2026, lastUpdateTimeNanos=21719445333900}
26 - 06 - 30 17:26:04:63 [cluster-ClusterId{value='6a43aed2cf772afc722581ba', description='Cluster0'}-ac-3p2q7xz-shard-00-02.tu87wjs.mongodb.net:27017] INFO  org.mongodb.driver.cluster - Monitor thread successfully connected to server with description ServerDescription{address=ac-3p2q7xz-shard-00-02.tu87wjs.mongodb.net:27017, type=REPLICA_SET_PRIMARY, cryptd=false, state=CONNECTED, ok=true, minWireVersion=0, maxWireVersion=25, maxDocumentSize=16777216, logicalSessionTimeoutMinutes=30, roundTripTimeNanos=747362000, minRoundTripTimeNanos=0, setName='atlas-525rmk-shard-0', canonicalAddress=ac-3p2q7xz-shard-00-02.tu87wjs.mongodb.net:27017, hosts=[ac-3p2q7xz-shard-00-01.tu87wjs.mongodb.net:27017, ac-3p2q7xz-shard-00-02.tu87wjs.mongodb.net:27017, ac-3p2q7xz-shard-00-00.tu87wjs.mongodb.net:27017], passives=[], arbiters=[], primary='ac-3p2q7xz-shard-00-02.tu87wjs.mongodb.net:27017', tagSet=TagSet{[Tag{name='availabilityZone', value='aps1-az2'}, Tag{name='cacheState', value='READY'}, Tag{name='diskState', value='READY'}, Tag{name='nodeType', value='ELECTABLE'}, Tag{name='provider', value='AWS'}, Tag{name='region', value='AP_SOUTH_1'}, Tag{name='workloadType', value='OPERATIONAL'}]}, electionId=7fffffff0000000000000139, setVersion=282, topologyVersion=TopologyVersion{processId=6a3bd58dc4ee9f1a6b3d04a8, counter=6}, lastWriteDate=Tue Jun 30 17:26:11 IST 2026, lastUpdateTimeNanos=21719445334000}
26 - 06 - 30 17:26:04:63 [cluster-ClusterId{value='6a43aed2cf772afc722581ba', description='Cluster0'}-ac-3p2q7xz-shard-00-01.tu87wjs.mongodb.net:27017] INFO  org.mongodb.driver.cluster - Monitor thread successfully connected to server with description ServerDescription{address=ac-3p2q7xz-shard-00-01.tu87wjs.mongodb.net:27017, type=REPLICA_SET_SECONDARY, cryptd=false, state=CONNECTED, ok=true, minWireVersion=0, maxWireVersion=25, maxDocumentSize=16777216, logicalSessionTimeoutMinutes=30, roundTripTimeNanos=752946400, minRoundTripTimeNanos=0, setName='atlas-525rmk-shard-0', canonicalAddress=ac-3p2q7xz-shard-00-01.tu87wjs.mongodb.net:27017, hosts=[ac-3p2q7xz-shard-00-01.tu87wjs.mongodb.net:27017, ac-3p2q7xz-shard-00-02.tu87wjs.mongodb.net:27017, ac-3p2q7xz-shard-00-00.tu87wjs.mongodb.net:27017], passives=[], arbiters=[], primary='ac-3p2q7xz-shard-00-02.tu87wjs.mongodb.net:27017', tagSet=TagSet{[Tag{name='availabilityZone', value='aps1-az3'}, Tag{name='cacheState', value='READY'}, Tag{name='diskState', value='READY'}, Tag{name='nodeType', value='ELECTABLE'}, Tag{name='provider', value='AWS'}, Tag{name='region', value='AP_SOUTH_1'}, Tag{name='workloadType', value='OPERATIONAL'}]}, electionId=null, setVersion=282, topologyVersion=TopologyVersion{processId=6a3bd5e73e1c7c37d8f47572, counter=3}, lastWriteDate=Tue Jun 30 17:26:11 IST 2026, lastUpdateTimeNanos=21719450924000}
26 - 06 - 30 17:26:04:64 [cluster-ClusterId{value='6a43aed2cf772afc722581ba', description='Cluster0'}-ac-3p2q7xz-shard-00-02.tu87wjs.mongodb.net:27017] INFO  org.mongodb.driver.cluster - Discovered replica set primary ac-3p2q7xz-shard-00-02.tu87wjs.mongodb.net:27017 with max election id 7fffffff0000000000000139 and max set version 282
26 - 06 - 30 17:26:05:67 [main] INFO  o.s.s.c.a.a.c.InitializeUserDetailsBeanManagerConfigurer$InitializeUserDetailsManagerConfigurer - Global AuthenticationManager configured with UserDetailsService bean with name userDetailsServiceImpl
26 - 06 - 30 17:26:25:83 [main] INFO  o.a.k.c.consumer.ConsumerConfig - ConsumerConfig values: 
	allow.auto.create.topics = true
	auto.commit.interval.ms = 5000
	auto.include.jmx.reporter = true
	auto.offset.reset = latest
	bootstrap.servers = [pkc-921jm.us-east-2.aws.confluent.cloud:9092]
	check.crcs = true
	client.dns.lookup = use_all_dns_ips
	client.id = consumer-weekly-sentiment-group-1
	client.rack = 
	connections.max.idle.ms = 540000
	default.api.timeout.ms = 60000
	enable.auto.commit = false
	enable.metrics.push = true
	exclude.internal.topics = true
	fetch.max.bytes = 52428800
	fetch.max.wait.ms = 500
	fetch.min.bytes = 1
	group.id = weekly-sentiment-group
	group.instance.id = null
	group.protocol = classic
	group.remote.assignor = null
	heartbeat.interval.ms = 3000
	interceptor.classes = []
	internal.leave.group.on.close = true
	internal.throw.on.fetch.stable.offset.unsupported = false
	isolation.level = read_uncommitted
	key.deserializer = class org.apache.kafka.common.serialization.StringDeserializer
	max.partition.fetch.bytes = 1048576
	max.poll.interval.ms = 300000
	max.poll.records = 500
	metadata.max.age.ms = 300000
	metadata.recovery.strategy = none
	metric.reporters = []
	metrics.num.samples = 2
	metrics.recording.level = INFO
	metrics.sample.window.ms = 30000
	partition.assignment.strategy = [class org.apache.kafka.clients.consumer.RangeAssignor, class org.apache.kafka.clients.consumer.CooperativeStickyAssignor]
	receive.buffer.bytes = 65536
	reconnect.backoff.max.ms = 1000
	reconnect.backoff.ms = 50
	request.timeout.ms = 30000
	retry.backoff.max.ms = 1000
	retry.backoff.ms = 100
	sasl.client.callback.handler.class = null
	sasl.jaas.config = [hidden]
	sasl.kerberos.kinit.cmd = /usr/bin/kinit
	sasl.kerberos.min.time.before.relogin = 60000
	sasl.kerberos.service.name = null
	sasl.kerberos.ticket.renew.jitter = 0.05
	sasl.kerberos.ticket.renew.window.factor = 0.8
	sasl.login.callback.handler.class = null
	sasl.login.class = null
	sasl.login.connect.timeout.ms = null
	sasl.login.read.timeout.ms = null
	sasl.login.refresh.buffer.seconds = 300
	sasl.login.refresh.min.period.seconds = 60
	sasl.login.refresh.window.factor = 0.8
	sasl.login.refresh.window.jitter = 0.05
	sasl.login.retry.backoff.max.ms = 10000
	sasl.login.retry.backoff.ms = 100
	sasl.mechanism = PLAIN
	sasl.oauthbearer.clock.skew.seconds = 30
	sasl.oauthbearer.expected.audience = null
	sasl.oauthbearer.expected.issuer = null
	sasl.oauthbearer.header.urlencode = false
	sasl.oauthbearer.jwks.endpoint.refresh.ms = 3600000
	sasl.oauthbearer.jwks.endpoint.retry.backoff.max.ms = 10000
	sasl.oauthbearer.jwks.endpoint.retry.backoff.ms = 100
	sasl.oauthbearer.jwks.endpoint.url = null
	sasl.oauthbearer.scope.claim.name = scope
	sasl.oauthbearer.sub.claim.name = sub
	sasl.oauthbearer.token.endpoint.url = null
	security.protocol = SASL_SSL
	security.providers = null
	send.buffer.bytes = 131072
	session.timeout.ms = 45000
	socket.connection.setup.timeout.max.ms = 30000
	socket.connection.setup.timeout.ms = 10000
	ssl.cipher.suites = null
	ssl.enabled.protocols = [TLSv1.2, TLSv1.3]
	ssl.endpoint.identification.algorithm = https
	ssl.engine.factory.class = null
	ssl.key.password = null
	ssl.keymanager.algorithm = SunX509
	ssl.keystore.certificate.chain = null
	ssl.keystore.key = null
	ssl.keystore.location = null
	ssl.keystore.password = null
	ssl.keystore.type = JKS
	ssl.protocol = TLSv1.3
	ssl.provider = null
	ssl.secure.random.implementation = null
	ssl.trustmanager.algorithm = PKIX
	ssl.truststore.certificates = null
	ssl.truststore.location = null
	ssl.truststore.password = null
	ssl.truststore.type = JKS
	value.deserializer = class org.springframework.kafka.support.serializer.JsonDeserializer

26 - 06 - 30 17:26:25:93 [main] INFO  o.a.k.c.t.i.KafkaMetricsCollector - initializing Kafka metrics collector
26 - 06 - 30 17:26:26:43 [main] INFO  o.a.k.c.s.a.AbstractLogin - Successfully logged in.
26 - 06 - 30 17:26:26:56 [main] INFO  o.a.kafka.common.utils.AppInfoParser - Kafka version: 3.9.1
26 - 06 - 30 17:26:26:56 [main] INFO  o.a.kafka.common.utils.AppInfoParser - Kafka commitId: f745dfdcee2b9851
26 - 06 - 30 17:26:26:56 [main] INFO  o.a.kafka.common.utils.AppInfoParser - Kafka startTimeMs: 1782820586559
26 - 06 - 30 17:26:26:56 [main] INFO  o.a.k.c.c.i.ClassicKafkaConsumer - [Consumer clientId=consumer-weekly-sentiment-group-1, groupId=weekly-sentiment-group] Subscribed to topic(s): weekly-sentiment
26 - 06 - 30 17:26:26:60 [main] INFO  c.a.j.cron.UserSchedulerTest - Started UserSchedulerTest in 27.842 seconds (process running for 31.824)
26 - 06 - 30 17:26:56:27 [org.springframework.kafka.KafkaListenerEndpointContainer#0-0-C-1] INFO  o.apache.kafka.clients.NetworkClient - [Consumer clientId=consumer-weekly-sentiment-group-1, groupId=weekly-sentiment-group] Disconnecting from node -1 due to socket connection setup timeout. The timeout value is 10708 ms.
26 - 06 - 30 17:26:56:27 [org.springframework.kafka.KafkaListenerEndpointContainer#0-0-C-1] WARN  o.apache.kafka.clients.NetworkClient - [Consumer clientId=consumer-weekly-sentiment-group-1, groupId=weekly-sentiment-group] Bootstrap broker pkc-921jm.us-east-2.aws.confluent.cloud:9092 (id: -1 rack: null) disconnected
26 - 06 - 30 17:26:56:27 [org.springframework.kafka.KafkaListenerEndpointContainer#0-0-C-1] INFO  o.a.k.c.c.i.ConsumerCoordinator - [Consumer clientId=consumer-weekly-sentiment-group-1, groupId=weekly-sentiment-group] Resetting generation and member id due to: consumer pro-actively leaving the group
26 - 06 - 30 17:26:56:27 [org.springframework.kafka.KafkaListenerEndpointContainer#0-0-C-1] INFO  o.a.k.c.c.i.ConsumerCoordinator - [Consumer clientId=consumer-weekly-sentiment-group-1, groupId=weekly-sentiment-group] Request joining group due to: consumer pro-actively leaving the group
26 - 06 - 30 17:26:56:27 [org.springframework.kafka.KafkaListenerEndpointContainer#0-0-C-1] INFO  o.a.k.c.c.i.ClassicKafkaConsumer - [Consumer clientId=consumer-weekly-sentiment-group-1, groupId=weekly-sentiment-group] Unsubscribed all topics or patterns and assigned partitions
26 - 06 - 30 17:26:56:27 [org.springframework.kafka.KafkaListenerEndpointContainer#0-0-C-1] INFO  o.a.k.c.c.i.ConsumerCoordinator - [Consumer clientId=consumer-weekly-sentiment-group-1, groupId=weekly-sentiment-group] Resetting generation and member id due to: consumer pro-actively leaving the group
26 - 06 - 30 17:26:56:27 [org.springframework.kafka.KafkaListenerEndpointContainer#0-0-C-1] INFO  o.a.k.c.c.i.ConsumerCoordinator - [Consumer clientId=consumer-weekly-sentiment-group-1, groupId=weekly-sentiment-group] Request joining group due to: consumer pro-actively leaving the group
26 - 06 - 30 17:26:56:28 [org.springframework.kafka.KafkaListenerEndpointContainer#0-0-C-1] INFO  o.a.kafka.common.metrics.Metrics - Metrics scheduler closed
26 - 06 - 30 17:26:56:28 [org.springframework.kafka.KafkaListenerEndpointContainer#0-0-C-1] INFO  o.a.kafka.common.metrics.Metrics - Closing reporter org.apache.kafka.common.metrics.JmxReporter
26 - 06 - 30 17:26:56:28 [org.springframework.kafka.KafkaListenerEndpointContainer#0-0-C-1] INFO  o.a.kafka.common.metrics.Metrics - Closing reporter org.apache.kafka.common.telemetry.internals.ClientTelemetryReporter
26 - 06 - 30 17:26:56:28 [org.springframework.kafka.KafkaListenerEndpointContainer#0-0-C-1] INFO  o.a.kafka.common.metrics.Metrics - Metrics reporters closed
26 - 06 - 30 17:26:56:29 [org.springframework.kafka.KafkaListenerEndpointContainer#0-0-C-1] INFO  o.a.kafka.common.utils.AppInfoParser - App info kafka.consumer for consumer-weekly-sentiment-group-1 unregistered
26 - 06 - 30 17:26:56:29 [org.springframework.kafka.KafkaListenerEndpointContainer#0-0-C-1] INFO  o.s.k.l.KafkaMessageListenerContainer - weekly-sentiment-group: Consumer stopped
